Archive member included to satisfy reference by file (symbol)

.pio/build/uno_r4_wifi/lib703/libWire.a(Wire.cpp.o)
                              .pio/build/uno_r4_wifi/src/GravityRtc.cpp.o (TwoWire::endTransmission())
.pio/build/uno_r4_wifi/libFrameworkArduinoVariant.a(common_data.c.o)
                              .pio/build/uno_r4_wifi/lib703/libWire.a(Wire.cpp.o) (g_ioport_ctrl)
.pio/build/uno_r4_wifi/libFrameworkArduinoVariant.a(main.c.o)
                              /Users/jim/.platformio/packages/toolchain-gccarmnoneeabi/bin/../lib/gcc/arm-none-eabi/7.2.1/../../../../arm-none-eabi/lib/thumb/v7e-m/fpv4-sp/hard/crt0.o (main)
.pio/build/uno_r4_wifi/libFrameworkArduinoVariant.a(pin_data.c.o)
                              .pio/build/uno_r4_wifi/libFrameworkArduinoVariant.a(common_data.c.o) (g_bsp_pin_cfg)
.pio/build/uno_r4_wifi/libFrameworkArduinoVariant.a(variant.cpp.o)
                              .pio/build/uno_r4_wifi/lib703/libWire.a(Wire.cpp.o) (PINCOUNT_fn)
.pio/build/uno_r4_wifi/libFrameworkArduino.a(FspTimer.cpp.o)
                              .pio/build/uno_r4_wifi/libFrameworkArduinoVariant.a(variant.cpp.o) (FspTimer::gpt_used_channel)
.pio/build/uno_r4_wifi/libFrameworkArduino.a(IRQManager.cpp.o)
                              .pio/build/uno_r4_wifi/lib703/libWire.a(Wire.cpp.o) (IRQManager::getInstance())
.pio/build/uno_r4_wifi/libFrameworkArduino.a(Serial.cpp.o)
                              .pio/build/uno_r4_wifi/src/main.cpp.o (UART::begin(unsigned long))
.pio/build/uno_r4_wifi/libFrameworkArduino.a(SerialObj1.cpp.o)
                              .pio/build/uno_r4_wifi/src/main.cpp.o (_UART1_)
.pio/build/uno_r4_wifi/libFrameworkArduino.a(analog.cpp.o)
                              .pio/build/uno_r4_wifi/libFrameworkArduino.a(FspTimer.cpp.o) (__get_timer_for_channel(int))
.pio/build/uno_r4_wifi/libFrameworkArduino.a(Common.cpp.o)
                              .pio/build/uno_r4_wifi/libFrameworkArduino.a(analog.cpp.o) (map(long, long, long, long, long))
.pio/build/uno_r4_wifi/libFrameworkArduino.a(Print.cpp.o)
                              .pio/build/uno_r4_wifi/libFrameworkArduino.a(Serial.cpp.o) (arduino::Print::write(unsigned char const*, unsigned int))
.pio/build/uno_r4_wifi/libFrameworkArduino.a(dac.cpp.o)
                              .pio/build/uno_r4_wifi/libFrameworkArduino.a(analog.cpp.o) (CDac::analogWrite(int))
.pio/build/uno_r4_wifi/libFrameworkArduino.a(digital.cpp.o)
                              .pio/build/uno_r4_wifi/libFrameworkArduinoVariant.a(variant.cpp.o) (pinMode)
.pio/build/uno_r4_wifi/libFrameworkArduino.a(main.cpp.o)
                              .pio/build/uno_r4_wifi/libFrameworkArduinoVariant.a(main.c.o) (hal_entry)
.pio/build/uno_r4_wifi/libFrameworkArduino.a(pinDefinitions.cpp.o)
                              .pio/build/uno_r4_wifi/libFrameworkArduino.a(analog.cpp.o) (pinPeripheral(e_bsp_io_port_pin_t, unsigned long))
.pio/build/uno_r4_wifi/libFrameworkArduino.a(pwm.cpp.o)
                              .pio/build/uno_r4_wifi/libFrameworkArduino.a(analog.cpp.o) (PwmOut::PwmOut(int))
.pio/build/uno_r4_wifi/libFrameworkArduino.a(time.cpp.o)
                              .pio/build/uno_r4_wifi/src/main.cpp.o (delay)
.pio/build/uno_r4_wifi/libFrameworkArduino.a(variant_helper.cpp.o)
                              .pio/build/uno_r4_wifi/lib703/libWire.a(Wire.cpp.o) (getPinCfgs(unsigned char, PinCfgReq_t))
.pio/build/uno_r4_wifi/libFrameworkArduino.a(vector_table.c.o)
                              .pio/build/uno_r4_wifi/libFrameworkArduino.a(main.cpp.o) (g_vector_table)
.pio/build/uno_r4_wifi/libFrameworkArduino.a(cm_backtrace.c.o)
                              .pio/build/uno_r4_wifi/libFrameworkArduino.a(main.cpp.o) (cm_backtrace_init)
.pio/build/uno_r4_wifi/libFrameworkArduino.a(cortex_handlers.c.o)
                              .pio/build/uno_r4_wifi/libFrameworkArduino.a(main.cpp.o) (Stacktrace_Handler)
/Users/jim/.platformio/packages/framework-arduinorenesas-uno/variants/UNOWIFIR4/libs/libfsp.a(r_spi.o)
                              .pio/build/uno_r4_wifi/libFrameworkArduino.a(IRQManager.cpp.o) (spi_rxi_isr)
/Users/jim/.platformio/packages/framework-arduinorenesas-uno/variants/UNOWIFIR4/libs/libfsp.a(r_sci_uart.o)
                              .pio/build/uno_r4_wifi/libFrameworkArduino.a(Serial.cpp.o) (R_SCI_UART_Write)
/Users/jim/.platformio/packages/framework-arduinorenesas-uno/variants/UNOWIFIR4/libs/libfsp.a(r_sci_spi.o)
                              .pio/build/uno_r4_wifi/libFrameworkArduino.a(IRQManager.cpp.o) (sci_spi_txi_isr)
/Users/jim/.platformio/packages/framework-arduinorenesas-uno/variants/UNOWIFIR4/libs/libfsp.a(r_sci_i2c.o)
                              .pio/build/uno_r4_wifi/lib703/libWire.a(Wire.cpp.o) (R_SCI_I2C_Abort)
/Users/jim/.platformio/packages/framework-arduinorenesas-uno/variants/UNOWIFIR4/libs/libfsp.a(r_rtc.o)
                              .pio/build/uno_r4_wifi/libFrameworkArduino.a(IRQManager.cpp.o) (rtc_alarm_periodic_isr)
[...]
Memory Configuration

Name             Origin             Length             Attributes
FLASH            0x0000000000004000 0x000000000003c000 xr
RAM              0x0000000020000000 0x0000000000008000 xrw
DATA_FLASH       0x0000000040100000 0x0000000000002000 xr
OPTION_SETTING   0x0000000000000000 0x0000000000000000 r
OPTION_SETTING_S 0x0000000000000000 0x0000000000000000 r
ID_CODE          0x0000000001010018 0x0000000000000020 xr
*default*        0x0000000000000000 0xffffffffffffffff

Linker script and memory map

LOAD /Users/jim/.platformio/packages/toolchain-gccarmnoneeabi/bin/../lib/gcc/arm-none-eabi/7.2.1/thumb/v7e-m/fpv4-sp/hard/crti.o
LOAD /Users/jim/.platformio/packages/toolchain-gccarmnoneeabi/bin/../lib/gcc/arm-none-eabi/7.2.1/thumb/v7e-m/fpv4-sp/hard/crtbegin.o
LOAD /Users/jim/.platformio/packages/toolchain-gccarmnoneeabi/bin/../lib/gcc/arm-none-eabi/7.2.1/../../../../arm-none-eabi/lib/thumb/v7e-m/fpv4-sp/hard/crt0.o
LOAD .pio/build/uno_r4_wifi/src/GravityRtc.cpp.o
LOAD .pio/build/uno_r4_wifi/src/main.cpp.o
START GROUP
LOAD .pio/build/uno_r4_wifi/lib703/libWire.a
LOAD .pio/build/uno_r4_wifi/lib4e6/libGravityRtc.a
LOAD .pio/build/uno_r4_wifi/libFrameworkArduinoVariant.a
LOAD .pio/build/uno_r4_wifi/libFrameworkArduino.a
LOAD /Users/jim/.platformio/packages/framework-arduinorenesas-uno/variants/UNOWIFIR4/libs/libfsp.a
LOAD /Users/jim/.platformio/packages/toolchain-gccarmnoneeabi/bin/../lib/gcc/arm-none-eabi/7.2.1/../../../../arm-none-eabi/lib/thumb/v7e-m/fpv4-sp/hard/libstdc++_nano.a
LOAD /Users/jim/.platformio/packages/toolchain-gccarmnoneeabi/bin/../lib/gcc/arm-none-eabi/7.2.1/../../../../arm-none-eabi/lib/thumb/v7e-m/fpv4-sp/hard/libsupc++_nano.a
LOAD /Users/jim/.platformio/packages/toolchain-gccarmnoneeabi/bin/../lib/gcc/arm-none-eabi/7.2.1/thumb/v7e-m/fpv4-sp/hard/libgcc.a
LOAD /Users/jim/.platformio/packages/toolchain-gccarmnoneeabi/bin/../lib/gcc/arm-none-eabi/7.2.1/../../../../arm-none-eabi/lib/thumb/v7e-m/fpv4-sp/hard/libnosys.a
END GROUP
LOAD /Users/jim/.platformio/packages/toolchain-gccarmnoneeabi/bin/../lib/gcc/arm-none-eabi/7.2.1/../../../../arm-none-eabi/lib/thumb/v7e-m/fpv4-sp/hard/libstdc++_nano.a
LOAD /Users/jim/.platformio/packages/toolchain-gccarmnoneeabi/bin/../lib/gcc/arm-none-eabi/7.2.1/../../../../arm-none-eabi/lib/thumb/v7e-m/fpv4-sp/hard/libm.a
LOAD /Users/jim/.platformio/packages/toolchain-gccarmnoneeabi/bin/../lib/gcc/arm-none-eabi/7.2.1/../../../../arm-none-eabi/lib/thumb/v7e-m/fpv4-sp/hard/libc_nano.a
START GROUP
LOAD /Users/jim/.platformio/packages/toolchain-gccarmnoneeabi/bin/../lib/gcc/arm-none-eabi/7.2.1/thumb/v7e-m/fpv4-sp/hard/libgcc.a
LOAD /Users/jim/.platformio/packages/toolchain-gccarmnoneeabi/bin/../lib/gcc/arm-none-eabi/7.2.1/../../../../arm-none-eabi/lib/thumb/v7e-m/fpv4-sp/hard/libc_nano.a
END GROUP
START GROUP
LOAD /Users/jim/.platformio/packages/toolchain-gccarmnoneeabi/bin/../lib/gcc/arm-none-eabi/7.2.1/thumb/v7e-m/fpv4-sp/hard/libgcc.a
LOAD /Users/jim/.platformio/packages/toolchain-gccarmnoneeabi/bin/../lib/gcc/arm-none-eabi/7.2.1/../../../../arm-none-eabi/lib/thumb/v7e-m/fpv4-sp/hard/libc_nano.a
LOAD /Users/jim/.platformio/packages/toolchain-gccarmnoneeabi/bin/../lib/gcc/arm-none-eabi/7.2.1/../../../../arm-none-eabi/lib/thumb/v7e-m/fpv4-sp/hard/libnosys.a
END GROUP
START GROUP
LOAD /Users/jim/.platformio/packages/toolchain-gccarmnoneeabi/bin/../lib/gcc/arm-none-eabi/7.2.1/thumb/v7e-m/fpv4-sp/hard/libgcc.a
LOAD /Users/jim/.platformio/packages/toolchain-gccarmnoneeabi/bin/../lib/gcc/arm-none-eabi/7.2.1/../../../../arm-none-eabi/lib/thumb/v7e-m/fpv4-sp/hard/libc_nano.a
LOAD /Users/jim/.platformio/packages/toolchain-gccarmnoneeabi/bin/../lib/gcc/arm-none-eabi/7.2.1/../../../../arm-none-eabi/lib/thumb/v7e-m/fpv4-sp/hard/libnosys.a
END GROUP
LOAD /Users/jim/.platformio/packages/toolchain-gccarmnoneeabi/bin/../lib/gcc/arm-none-eabi/7.2.1/thumb/v7e-m/fpv4-sp/hard/crtend.o
LOAD /Users/jim/.platformio/packages/toolchain-gccarmnoneeabi/bin/../lib/gcc/arm-none-eabi/7.2.1/thumb/v7e-m/fpv4-sp/hard/crtn.o
                0x0000000020000000                RAM_START = 0x20000000
                0x0000000000008000                RAM_LENGTH = 0x8000
                0x0000000000000000                FLASH_START = 0x0
                0x0000000000040000                FLASH_LENGTH = 0x40000
                0x0000000040100000                DATA_FLASH_START = 0x40100000
                0x0000000000002000                DATA_FLASH_LENGTH = 0x2000
                0x0000000000000000                OPTION_SETTING_START = 0x0
                0x0000000000000000                OPTION_SETTING_LENGTH = 0x0
                0x0000000000000000                OPTION_SETTING_S_START = 0x0
                0x0000000000000000                OPTION_SETTING_S_LENGTH = 0x0
                0x0000000001010018                ID_CODE_START = 0x1010018
                0x0000000000000020                ID_CODE_LENGTH = 0x20
                0x0000000090000000                SDRAM_START = 0x90000000
                0x0000000000000000                SDRAM_LENGTH = 0x0
                0x0000000060000000                QSPI_FLASH_START = 0x60000000
                0x0000000000000000                QSPI_FLASH_LENGTH = 0x0
                0x0000000068000000                OSPI_DEVICE_0_START = 0x68000000
                0x0000000000000000                OSPI_DEVICE_0_LENGTH = 0x0
                0x0000000070000000                OSPI_DEVICE_1_START = 0x70000000
                0x0000000000000000                OSPI_DEVICE_1_LENGTH = 0x0
                0x0000000000004000                FLASH_IMAGE_START = 0x4000
                0x0000000000000100                VECTOR_TABLE_LENGTH = 0x100
                0x0000000000000400                BSP_CFG_STACK_MAIN_BYTES = 0x400
START GROUP
LOAD /Users/jim/.platformio/packages/toolchain-gccarmnoneeabi/bin/../lib/gcc/arm-none-eabi/7.2.1/thumb/v7e-m/fpv4-sp/hard/libgcc.a
LOAD /Users/jim/.platformio/packages/toolchain-gccarmnoneeabi/bin/../lib/gcc/arm-none-eabi/7.2.1/../../../../arm-none-eabi/lib/thumb/v7e-m/fpv4-sp/hard/libc.a
LOAD /Users/jim/.platformio/packages/toolchain-gccarmnoneeabi/bin/../lib/gcc/arm-none-eabi/7.2.1/../../../../arm-none-eabi/lib/thumb/v7e-m/fpv4-sp/hard/libm.a
LOAD /Users/jim/.platformio/packages/toolchain-gccarmnoneeabi/bin/../lib/gcc/arm-none-eabi/7.2.1/../../../../arm-none-eabi/lib/thumb/v7e-m/fpv4-sp/hard/libnosys.a
END GROUP

.text           0x0000000000004000     0x9e28
                0x0000000000000000                __tz_FLASH_S = ABSOLUTE (FLASH_START)
                0x0000000000004000                __ROM_Start = .
 *(.sketch_boot)
                0x0000000000004000                . = ALIGN (0x800)
 *(.fixed_vectors*)
 .fixed_vectors
                0x0000000000004000       0x40 /Users/jim/.platformio/packages/framework-arduinorenesas-uno/variants/UNOWIFIR4/libs/libfsp.a(startup.o)
                0x0000000000004000                __Vectors
 *(.application_vectors*)
 .application_vectors
                0x0000000000004040       0x80 .pio/build/uno_r4_wifi/libFrameworkArduino.a(vector_table.c.o)
                0x0000000000004040                g_vector_table
                0x00000000000040c0                __Vectors_End = .
 *(.text*)
 .text          0x00000000000040c0       0x40 /Users/jim/.platformio/packages/toolchain-gccarmnoneeabi/bin/../lib/gcc/arm-none-eabi/7.2.1/thumb/v7e-m/fpv4-sp/hard/crtbegin.o
 .text._ZN7TwoWire5writeEi
                0x0000000000004100        0x8 .pio/build/uno_r4_wifi/src/GravityRtc.cpp.o
                0x0000000000004100                TwoWire::write(int)
 .text._ZN10GravityRtc10processRtcEv
                0x0000000000004108       0x60 .pio/build/uno_r4_wifi/src/GravityRtc.cpp.o
                0x0000000000004108                GravityRtc::processRtc()
 .text._ZN10GravityRtc6conv2dEPKc
                0x0000000000004168       0x1c .pio/build/uno_r4_wifi/src/GravityRtc.cpp.o
                0x0000000000004168                GravityRtc::conv2d(char const*)
 .text._ZN10GravityRtc9date2daysEthh
                0x0000000000004184       0x54 .pio/build/uno_r4_wifi/src/GravityRtc.cpp.o
                0x0000000000004184                GravityRtc::date2days(unsigned short, unsigned char, unsigned char)
 .text._ZN10GravityRtc12dayOfTheWeekEv
                0x00000000000041d8       0x1e .pio/build/uno_r4_wifi/src/GravityRtc.cpp.o
                0x00000000000041d8                GravityRtc::dayOfTheWeek()
 *fill*         0x00000000000041f6        0x2 ff
 .text._ZN10GravityRtc5setupEv
                0x00000000000041f8        0xc .pio/build/uno_r4_wifi/src/GravityRtc.cpp.o
                0x00000000000041f8                GravityRtc::setup()
 .text._ZN10GravityRtc11WriteTimeOnEv
                0x0000000000004204       0x48 .pio/build/uno_r4_wifi/src/GravityRtc.cpp.o
                0x0000000000004204                GravityRtc::WriteTimeOn()
 .text._ZN10GravityRtc12WriteTimeOffEv
                0x000000000000424c       0x34 .pio/build/uno_r4_wifi/src/GravityRtc.cpp.o
                0x000000000000424c                GravityRtc::WriteTimeOff()
 .text._ZN10GravityRtc9adjustRtcEthhhhhh
                0x0000000000004280      0x10c .pio/build/uno_r4_wifi/src/GravityRtc.cpp.o
                0x0000000000004280                GravityRtc::adjustRtc(unsigned short, unsigned char, unsigned char, unsigned char, unsigned char, unsigned char, unsigned char)
 .text._ZN10GravityRtc9adjustRtcEPKN7arduino19__FlashStringHelperES3_
                0x000000000000438c       0xe4 .pio/build/uno_r4_wifi/src/GravityRtc.cpp.o
                0x000000000000438c                GravityRtc::adjustRtc(arduino::__FlashStringHelper const*, arduino::__FlashStringHelper const*)
 .text._ZN10GravityRtc7readRtcEv
                0x0000000000004470       0x40 .pio/build/uno_r4_wifi/src/GravityRtc.cpp.o
                0x0000000000004470                GravityRtc::readRtc()
 .text._ZN10GravityRtc4readEv
                0x00000000000044b0       0x12 .pio/build/uno_r4_wifi/src/GravityRtc.cpp.o
                0x00000000000044b0                GravityRtc::read()
 *fill*         0x00000000000044c2        0x2 ff
 .text.loop     0x00000000000044c4       0xbc .pio/build/uno_r4_wifi/src/main.cpp.o
                0x00000000000044c4                loop
 .text.setup    0x0000000000004580       0x34 .pio/build/uno_r4_wifi/src/main.cpp.o
                0x0000000000004580                setup
 .text._ZN7arduino5Print17availableForWriteEv
                0x00000000000045b4        0x4 .pio/build/uno_r4_wifi/lib703/libWire.a(Wire.cpp.o)
                0x00000000000045b4                arduino::Print::availableForWrite()
 .text._ZN7TwoWire21WireSCIMasterCallbackEP27st_i2c_master_callback_args
                0x00000000000045b8       0x38 .pio/build/uno_r4_wifi/lib703/libWire.a(Wire.cpp.o)
                0x00000000000045b8                TwoWire::WireSCIMasterCallback(st_i2c_master_callback_args*)
 .text._ZN7TwoWire18WireMasterCallbackEP27st_i2c_master_callback_args
                0x00000000000045f0       0x38 .pio/build/uno_r4_wifi/lib703/libWire.a(Wire.cpp.o)
                0x00000000000045f0                TwoWire::WireMasterCallback(st_i2c_master_callback_args*)
 .text._ZN7TwoWire3endEv
                0x0000000000004628       0x28 .pio/build/uno_r4_wifi/lib703/libWire.a(Wire.cpp.o)
                0x0000000000004628                TwoWire::end()
 .text._ZN7TwoWire15endTransmissionEv
                0x0000000000004650        0x8 .pio/build/uno_r4_wifi/lib703/libWire.a(Wire.cpp.o)
                0x0000000000004650                TwoWire::endTransmission()
 .text._ZN7TwoWire11requestFromEhj
                0x0000000000004658       0x10 .pio/build/uno_r4_wifi/lib703/libWire.a(Wire.cpp.o)
                0x0000000000004658                TwoWire::requestFrom(unsigned char, unsigned int)
 .text._ZN7TwoWire5writeEh
                0x0000000000004668       0x54 .pio/build/uno_r4_wifi/lib703/libWire.a(Wire.cpp.o)
                0x0000000000004668                TwoWire::write(unsigned char)
 .text._ZN7TwoWire9onReceiveEPFviE
                0x00000000000046bc        0x6 .pio/build/uno_r4_wifi/lib703/libWire.a(Wire.cpp.o)
                0x00000000000046bc                TwoWire::onReceive(void (*)(int))
 .text._ZN7TwoWire9onRequestEPFvvE
                0x00000000000046c2        0x6 .pio/build/uno_r4_wifi/lib703/libWire.a(Wire.cpp.o)
                0x00000000000046c2                TwoWire::onRequest(void (*)())
 .text._ZN7TwoWire9availableEv
                0x00000000000046c8        0xc .pio/build/uno_r4_wifi/lib703/libWire.a(Wire.cpp.o)
                0x00000000000046c8                TwoWire::available()
 .text._ZN7TwoWire4readEv
                0x00000000000046d4       0x22 .pio/build/uno_r4_wifi/lib703/libWire.a(Wire.cpp.o)
                0x00000000000046d4                TwoWire::read()
 .text._ZN7TwoWire4peekEv
                0x00000000000046f6       0x18 .pio/build/uno_r4_wifi/lib703/libWire.a(Wire.cpp.o)
                0x00000000000046f6                TwoWire::peek()
 .text._ZN7TwoWire5flushEv
                0x000000000000470e       0x12 .pio/build/uno_r4_wifi/lib703/libWire.a(Wire.cpp.o)
                0x000000000000470e                TwoWire::flush()
 .text._ZN7TwoWire5writeEPKhj
                0x0000000000004720       0x36 .pio/build/uno_r4_wifi/lib703/libWire.a(Wire.cpp.o)
                0x0000000000004720                TwoWire::write(unsigned char const*, unsigned int)
 *fill*         0x0000000000004756        0x2 ff
 .text._ZN7TwoWire8setClockEm
                0x0000000000004758       0xd8 .pio/build/uno_r4_wifi/lib703/libWire.a(Wire.cpp.o)
                0x0000000000004758                TwoWire::setClock(unsigned long)
 .text._ZN7TwoWire10slave_readEm
                0x0000000000004830       0x28 .pio/build/uno_r4_wifi/lib703/libWire.a(Wire.cpp.o)
                0x0000000000004830                TwoWire::slave_read(unsigned long)
 .text._ZN7TwoWire17WireSlaveCallbackEP26st_i2c_slave_callback_args
                0x0000000000004858      0x104 .pio/build/uno_r4_wifi/lib703/libWire.a(Wire.cpp.o)
                0x0000000000004858                TwoWire::WireSlaveCallback(st_i2c_slave_callback_args*)
 .text._ZN7TwoWireC2Eii17WireAddressMode_tb
                0x000000000000495c       0x98 .pio/build/uno_r4_wifi/lib703/libWire.a(Wire.cpp.o)
                0x000000000000495c                TwoWire::TwoWire(int, int, WireAddressMode_t, bool)
                0x000000000000495c                TwoWire::TwoWire(int, int, WireAddressMode_t, bool)
 .text._ZN7TwoWire8cfg_pinsEi
                0x00000000000049f4       0xf4 .pio/build/uno_r4_wifi/lib703/libWire.a(Wire.cpp.o)
                0x00000000000049f4                TwoWire::cfg_pins(int)
 .text._ZN7TwoWire5beginEv
                0x0000000000004ae8      0x250 .pio/build/uno_r4_wifi/lib703/libWire.a(Wire.cpp.o)
                0x0000000000004ae8                TwoWire::begin()
 .text._ZN7TwoWire5beginEt
                0x0000000000004d38        0xe .pio/build/uno_r4_wifi/lib703/libWire.a(Wire.cpp.o)
                0x0000000000004d38                TwoWire::begin(unsigned short)
 .text._ZN7TwoWire5beginEh
                0x0000000000004d46        0xc .pio/build/uno_r4_wifi/lib703/libWire.a(Wire.cpp.o)
                0x0000000000004d46                TwoWire::begin(unsigned char)
 .text._ZN7TwoWire9read_fromEhPhhjb
                0x0000000000004d52       0x6e .pio/build/uno_r4_wifi/lib703/libWire.a(Wire.cpp.o)
                0x0000000000004d52                TwoWire::read_from(unsigned char, unsigned char*, unsigned char, unsigned int, bool)
 .text._ZN7TwoWire8write_toEhPhhjb
                0x0000000000004dc0       0x90 .pio/build/uno_r4_wifi/lib703/libWire.a(Wire.cpp.o)
                0x0000000000004dc0                TwoWire::write_to(unsigned char, unsigned char*, unsigned char, unsigned int, bool)
 .text._ZN7TwoWire15endTransmissionEb
                0x0000000000004e50       0x26 .pio/build/uno_r4_wifi/lib703/libWire.a(Wire.cpp.o)
                0x0000000000004e50                TwoWire::endTransmission(bool)
 .text._ZN7TwoWire17beginTransmissionEm
                0x0000000000004e76       0x1a .pio/build/uno_r4_wifi/lib703/libWire.a(Wire.cpp.o)
                0x0000000000004e76                TwoWire::beginTransmission(unsigned long)
 .text._ZN7TwoWire17beginTransmissionEh
                0x0000000000004e90        0x4 .pio/build/uno_r4_wifi/lib703/libWire.a(Wire.cpp.o)
                0x0000000000004e90                TwoWire::beginTransmission(unsigned char)
 .text._ZN7TwoWire17beginTransmissionEi
                0x0000000000004e94        0x4 .pio/build/uno_r4_wifi/lib703/libWire.a(Wire.cpp.o)
                0x0000000000004e94                TwoWire::beginTransmission(int)
 .text._ZN7TwoWire11requestFromEhjmhh
                0x0000000000004e98       0x7e .pio/build/uno_r4_wifi/lib703/libWire.a(Wire.cpp.o)
                0x0000000000004e98                TwoWire::requestFrom(unsigned char, unsigned int, unsigned long, unsigned char, unsigned char)
 .text._ZN7TwoWire11requestFromEhjb
                0x0000000000004f16       0x12 .pio/build/uno_r4_wifi/lib703/libWire.a(Wire.cpp.o)
                0x0000000000004f16                TwoWire::requestFrom(unsigned char, unsigned int, bool)
 .text.startup._GLOBAL__sub_I__ZN7TwoWire10g_SCIWiresE
                0x0000000000004f28       0x2c .pio/build/uno_r4_wifi/lib703/libWire.a(Wire.cpp.o)
 .text.startup.main
                0x0000000000004f54        0xa .pio/build/uno_r4_wifi/libFrameworkArduinoVariant.a(main.c.o)
                0x0000000000004f54                main
 .text.PINCOUNT_fn
                0x0000000000004f5e        0x4 .pio/build/uno_r4_wifi/libFrameworkArduinoVariant.a(variant.cpp.o)
                0x0000000000004f5e                PINCOUNT_fn
 .text._Z17__maybe_start_usbv
                0x0000000000004f62        0x2 .pio/build/uno_r4_wifi/libFrameworkArduinoVariant.a(variant.cpp.o)
                0x0000000000004f62                __maybe_start_usb()
 .text.initVariant
                0x0000000000004f64       0x9c .pio/build/uno_r4_wifi/libFrameworkArduinoVariant.a(variant.cpp.o)
                0x0000000000004f64                initVariant
 .text._ZN8FspTimerC2Ev
                0x0000000000005000       0x18 .pio/build/uno_r4_wifi/libFrameworkArduino.a(FspTimer.cpp.o)
                0x0000000000005000                FspTimer::FspTimer()
                0x0000000000005000                FspTimer::FspTimer()
 .text._ZN8FspTimer5beginE12e_timer_modehhmm18e_timer_source_divPFvP22st_timer_callback_argsEPv
                0x0000000000005018      0x16c .pio/build/uno_r4_wifi/libFrameworkArduino.a(FspTimer.cpp.o)
                0x0000000000005018                FspTimer::begin(e_timer_mode, unsigned char, unsigned char, unsigned long, unsigned long, e_timer_source_div, void (*)(st_timer_callback_args*), void*)
 .text._ZN8FspTimer4openEv
                0x0000000000005184       0x4e .pio/build/uno_r4_wifi/libFrameworkArduino.a(FspTimer.cpp.o)
                0x0000000000005184                FspTimer::open()
 .text._ZN8FspTimer5startEv
                0x00000000000051d2       0x2e .pio/build/uno_r4_wifi/libFrameworkArduino.a(FspTimer.cpp.o)
                0x00000000000051d2                FspTimer::start()
 .text._ZN8FspTimer5closeEv
                0x0000000000005200       0x2e .pio/build/uno_r4_wifi/libFrameworkArduino.a(FspTimer.cpp.o)
                0x0000000000005200                FspTimer::close()
 *fill*         0x000000000000522e        0x2 ff
 .text._ZN8FspTimer3endEv
                0x0000000000005230       0x48 .pio/build/uno_r4_wifi/libFrameworkArduino.a(FspTimer.cpp.o)
                0x0000000000005230                FspTimer::end()
 .text._ZN8FspTimerD2Ev
                0x0000000000005278        0xc .pio/build/uno_r4_wifi/libFrameworkArduino.a(FspTimer.cpp.o)
                0x0000000000005278                FspTimer::~FspTimer()
                0x0000000000005278                FspTimer::~FspTimer()
 .text._ZN8FspTimer15get_cfg_for_irqEv
                0x0000000000005284       0x14 .pio/build/uno_r4_wifi/libFrameworkArduino.a(FspTimer.cpp.o)
                0x0000000000005284                FspTimer::get_cfg_for_irq()
 .text._ZN8FspTimer9is_openedEv
                0x0000000000005298       0x18 .pio/build/uno_r4_wifi/libFrameworkArduino.a(FspTimer.cpp.o)
                0x0000000000005298                FspTimer::is_opened()
 .text._ZN8FspTimer18setup_overflow_irqEhPFvvE
                0x00000000000052b0       0x4e .pio/build/uno_r4_wifi/libFrameworkArduino.a(FspTimer.cpp.o)
                0x00000000000052b0                FspTimer::setup_overflow_irq(unsigned char, void (*)())
 *fill*         0x00000000000052fe        0x2 ff
 .text.R_BSP_IrqEnable
                0x0000000000005300       0x34 .pio/build/uno_r4_wifi/libFrameworkArduino.a(IRQManager.cpp.o)
 .text.R_BSP_IrqDisable
                0x0000000000005334       0x24 .pio/build/uno_r4_wifi/libFrameworkArduino.a(IRQManager.cpp.o)
 .text.__tcf_0  0x0000000000005358        0x2 .pio/build/uno_r4_wifi/libFrameworkArduino.a(IRQManager.cpp.o)
 *fill*         0x000000000000535a        0x2 ff
 .text.__NVIC_SetPriority.constprop.11
                0x000000000000535c       0x24 .pio/build/uno_r4_wifi/libFrameworkArduino.a(IRQManager.cpp.o)
 .text._ZN10IRQManager11getInstanceEv
                0x0000000000005380       0x38 .pio/build/uno_r4_wifi/libFrameworkArduino.a(IRQManager.cpp.o)
                0x0000000000005380                IRQManager::getInstance()
 .text._ZN10IRQManager18set_ext_link_eventEii
                0x00000000000053b8       0xc8 .pio/build/uno_r4_wifi/libFrameworkArduino.a(IRQManager.cpp.o)
                0x00000000000053b8                IRQManager::set_ext_link_event(int, int)
 .text._ZN10IRQManager23set_gpt_over_link_eventEii
                0x0000000000005480       0x70 .pio/build/uno_r4_wifi/libFrameworkArduino.a(IRQManager.cpp.o)
                0x0000000000005480                IRQManager::set_gpt_over_link_event(int, int)
 .text._ZN10IRQManager18set_agt_link_eventEii
                0x00000000000054f0       0x28 .pio/build/uno_r4_wifi/libFrameworkArduino.a(IRQManager.cpp.o)
                0x00000000000054f0                IRQManager::set_agt_link_event(int, int)
 .text._ZN10IRQManager16addTimerOverflowER5timerPFvvE
                0x0000000000005518       0x7c .pio/build/uno_r4_wifi/libFrameworkArduino.a(IRQManager.cpp.o)
                0x0000000000005518                IRQManager::addTimerOverflow(timer&, void (*)())
 .text._ZN10IRQManager21set_iic_tx_link_eventEii
                0x0000000000005594       0x20 .pio/build/uno_r4_wifi/libFrameworkArduino.a(IRQManager.cpp.o)
                0x0000000000005594                IRQManager::set_iic_tx_link_event(int, int)
 .text._ZN10IRQManager21set_iic_rx_link_eventEii
                0x00000000000055b4       0x20 .pio/build/uno_r4_wifi/libFrameworkArduino.a(IRQManager.cpp.o)
                0x00000000000055b4                IRQManager::set_iic_rx_link_event(int, int)
 .text._ZN10IRQManager22set_iic_tei_link_eventEii
                0x00000000000055d4       0x20 .pio/build/uno_r4_wifi/libFrameworkArduino.a(IRQManager.cpp.o)
                0x00000000000055d4                IRQManager::set_iic_tei_link_event(int, int)
 .text._ZN10IRQManager22set_iic_eri_link_eventEii
                0x00000000000055f4       0x20 .pio/build/uno_r4_wifi/libFrameworkArduino.a(IRQManager.cpp.o)
                0x00000000000055f4                IRQManager::set_iic_eri_link_event(int, int)
 .text._ZN10IRQManager21set_sci_tx_link_eventEii
                0x0000000000005614       0x38 .pio/build/uno_r4_wifi/libFrameworkArduino.a(IRQManager.cpp.o)
                0x0000000000005614                IRQManager::set_sci_tx_link_event(int, int)
 .text._ZN10IRQManager21set_sci_rx_link_eventEii
                0x000000000000564c       0x38 .pio/build/uno_r4_wifi/libFrameworkArduino.a(IRQManager.cpp.o)
                0x000000000000564c                IRQManager::set_sci_rx_link_event(int, int)
 .text._ZN10IRQManager22set_sci_tei_link_eventEii
                0x0000000000005684       0x38 .pio/build/uno_r4_wifi/libFrameworkArduino.a(IRQManager.cpp.o)
                0x0000000000005684                IRQManager::set_sci_tei_link_event(int, int)
 .text._ZN10IRQManager22set_sci_eri_link_eventEii
                0x00000000000056bc       0x38 .pio/build/uno_r4_wifi/libFrameworkArduino.a(IRQManager.cpp.o)
                0x00000000000056bc                IRQManager::set_sci_eri_link_event(int, int)
 .text._ZN10IRQManager21set_spi_tx_link_eventEii
                0x00000000000056f4       0x20 .pio/build/uno_r4_wifi/libFrameworkArduino.a(IRQManager.cpp.o)
                0x00000000000056f4                IRQManager::set_spi_tx_link_event(int, int)
 .text._ZN10IRQManager21set_spi_rx_link_eventEii
                0x0000000000005714       0x20 .pio/build/uno_r4_wifi/libFrameworkArduino.a(IRQManager.cpp.o)
                0x0000000000005714                IRQManager::set_spi_rx_link_event(int, int)
 .text._ZN10IRQManager22set_spi_tei_link_eventEii
                0x0000000000005734       0x20 .pio/build/uno_r4_wifi/libFrameworkArduino.a(IRQManager.cpp.o)
                0x0000000000005734                IRQManager::set_spi_tei_link_event(int, int)
 .text._ZN10IRQManager22set_spi_eri_link_eventEii
                0x0000000000005754       0x20 .pio/build/uno_r4_wifi/libFrameworkArduino.a(IRQManager.cpp.o)
                0x0000000000005754                IRQManager::set_spi_eri_link_event(int, int)
 .text._ZN10IRQManager13addPeripheralE12Peripheral_tPv
                0x0000000000005774      0x894 .pio/build/uno_r4_wifi/libFrameworkArduino.a(IRQManager.cpp.o)
                0x0000000000005774                IRQManager::addPeripheral(Peripheral_t, void*)
 .text._ZN4UARTcvbEv
                0x0000000000006008        0x4 .pio/build/uno_r4_wifi/libFrameworkArduino.a(Serial.cpp.o)
                0x0000000000006008                UART::operator bool()
 .text._ZN4UART5beginEm
                0x000000000000600c        0xa .pio/build/uno_r4_wifi/libFrameworkArduino.a(Serial.cpp.o)
                0x000000000000600c                UART::begin(unsigned long)
 .text._ZN4UART4peekEv
                0x0000000000006016       0x18 .pio/build/uno_r4_wifi/libFrameworkArduino.a(Serial.cpp.o)
                0x0000000000006016                UART::peek()
 .text._ZN4UART5writeEh
                0x000000000000602e       0x30 .pio/build/uno_r4_wifi/libFrameworkArduino.a(Serial.cpp.o)
                0x000000000000602e                UART::write(unsigned char)
 .text._ZN4UART3endEv
                0x000000000000605e       0x22 .pio/build/uno_r4_wifi/libFrameworkArduino.a(Serial.cpp.o)
                0x000000000000605e                UART::end()
 .text._ZN7__GuardD2Ev
                0x0000000000006080        0xc .pio/build/uno_r4_wifi/libFrameworkArduino.a(Serial.cpp.o)
                0x0000000000006080                __Guard::~__Guard()
                0x0000000000006080                __Guard::~__Guard()
 .text._ZN4UART15WrapperCallbackEP20st_uart_callback_arg
                0x000000000000608c       0x88 .pio/build/uno_r4_wifi/libFrameworkArduino.a(Serial.cpp.o)
                0x000000000000608c                UART::WrapperCallback(st_uart_callback_arg*)
 .text._ZN4UART4readEv
                0x0000000000006114       0x5c .pio/build/uno_r4_wifi/libFrameworkArduino.a(Serial.cpp.o)
                0x0000000000006114                UART::read()
 .text._ZN4UARTC2Eiiii
                0x0000000000006170       0x70 .pio/build/uno_r4_wifi/libFrameworkArduino.a(Serial.cpp.o)
                0x0000000000006170                UART::UART(int, int, int, int)
                0x0000000000006170                UART::UART(int, int, int, int)
 .text._ZN4UART13setUpUartIrqsER11st_uart_cfg
                0x00000000000061e0       0x14 .pio/build/uno_r4_wifi/libFrameworkArduino.a(Serial.cpp.o)
                0x00000000000061e0                UART::setUpUartIrqs(st_uart_cfg&)
 .text._ZN4UART8cfg_pinsEi
                0x00000000000061f4       0xe8 .pio/build/uno_r4_wifi/libFrameworkArduino.a(Serial.cpp.o)
                0x00000000000061f4                UART::cfg_pins(int)
 .text._ZN4UART5beginEmt
                0x00000000000062dc      0x1a8 .pio/build/uno_r4_wifi/libFrameworkArduino.a(Serial.cpp.o)
                0x00000000000062dc                UART::begin(unsigned long, unsigned short)
 .text._ZN4UART9write_rawEPhj
                0x0000000000006484       0x1e .pio/build/uno_r4_wifi/libFrameworkArduino.a(Serial.cpp.o)
                0x0000000000006484                UART::write_raw(unsigned char*, unsigned int)
 .text._ZN7arduino15SafeRingBufferNILi512EE9availableEv
                0x00000000000064a2       0x32 .pio/build/uno_r4_wifi/libFrameworkArduino.a(Serial.cpp.o)
                0x00000000000064a2                arduino::SafeRingBufferN<512>::available()
 .text._ZN4UART9availableEv
                0x00000000000064d4        0xa .pio/build/uno_r4_wifi/libFrameworkArduino.a(Serial.cpp.o)
                0x00000000000064d4                UART::available()
 .text._ZN4UART5flushEv
                0x00000000000064de       0x12 .pio/build/uno_r4_wifi/libFrameworkArduino.a(Serial.cpp.o)
                0x00000000000064de                UART::flush()
 .text.startup._GLOBAL__sub_I__UART1_
                0x00000000000064f0       0x1c .pio/build/uno_r4_wifi/libFrameworkArduino.a(SerialObj1.cpp.o)
 .text._ZL13readAllGroupAP13ADC_Container
                0x000000000000650c       0x2c .pio/build/uno_r4_wifi/libFrameworkArduino.a(analog.cpp.o)
 .text._ZL11ADC_irq_cbkP20st_adc_callback_args
                0x0000000000006538       0x58 .pio/build/uno_r4_wifi/libFrameworkArduino.a(analog.cpp.o)
 .text._ZL10adcConvertP13ADC_Containert
                0x0000000000006590       0xa4 .pio/build/uno_r4_wifi/libFrameworkArduino.a(analog.cpp.o)
 .text._ZL21get_ADC_container_ptrlRt.constprop.4
                0x0000000000006634       0x38 .pio/build/uno_r4_wifi/libFrameworkArduino.a(analog.cpp.o)
 .text._ZN13ADC_ContainerC2EhPFvP20st_adc_callback_argsEPv
                0x000000000000666c       0x6e .pio/build/uno_r4_wifi/libFrameworkArduino.a(analog.cpp.o)
                0x000000000000666c                ADC_Container::ADC_Container(unsigned char, void (*)(st_adc_callback_args*), void*)
                0x000000000000666c                ADC_Container::ADC_Container(unsigned char, void (*)(st_adc_callback_args*), void*)
 .text._ZN13ADC_ContainerD2Ev
                0x00000000000066da       0x12 .pio/build/uno_r4_wifi/libFrameworkArduino.a(analog.cpp.o)
                0x00000000000066da                ADC_Container::~ADC_Container()
                0x00000000000066da                ADC_Container::~ADC_Container()
 .text.analogRead
                0x00000000000066ec       0x3c .pio/build/uno_r4_wifi/libFrameworkArduino.a(analog.cpp.o)
                0x00000000000066ec                analogRead
 .text.analogReference
                0x0000000000006728       0x5c .pio/build/uno_r4_wifi/libFrameworkArduino.a(analog.cpp.o)
                0x0000000000006728                analogReference
 *fill*         0x0000000000006784        0x4 ff
 .text._Z15analogReferencev
                0x0000000000006788      0x104 .pio/build/uno_r4_wifi/libFrameworkArduino.a(analog.cpp.o)
                0x0000000000006788                analogReference()
 .text._Z23__get_timer_for_channeli
                0x000000000000688c       0x2c .pio/build/uno_r4_wifi/libFrameworkArduino.a(analog.cpp.o)
                0x000000000000688c                __get_timer_for_channel(int)
 .text.startup._GLOBAL__sub_I__ZN13ADC_ContainerC2EhPFvP20st_adc_callback_argsEPv
                0x00000000000068b8       0x4c .pio/build/uno_r4_wifi/libFrameworkArduino.a(analog.cpp.o)
 .text.exit._GLOBAL__sub_D__ZN13ADC_ContainerC2EhPFvP20st_adc_callback_argsEPv
                0x0000000000006904       0x1c .pio/build/uno_r4_wifi/libFrameworkArduino.a(analog.cpp.o)
 .text._Z3maplllll
                0x0000000000006920       0x14 .pio/build/uno_r4_wifi/libFrameworkArduino.a(Common.cpp.o)
                0x0000000000006920                map(long, long, long, long, long)
 .text._ZN7arduino5Print5writeEPKhj
                0x0000000000006934       0x2c .pio/build/uno_r4_wifi/libFrameworkArduino.a(Print.cpp.o)
                0x0000000000006934                arduino::Print::write(unsigned char const*, unsigned int)
 .text._ZN7arduino5Print5writeEPKc.part.2
                0x0000000000006960       0x1e .pio/build/uno_r4_wifi/libFrameworkArduino.a(Print.cpp.o)
 .text._ZN7arduino5Print5writeEPKc
                0x000000000000697e        0xa .pio/build/uno_r4_wifi/libFrameworkArduino.a(Print.cpp.o)
                0x000000000000697e                arduino::Print::write(char const*)
 .text._ZN7arduino5Print5printEPKc
                0x0000000000006988        0x8 .pio/build/uno_r4_wifi/libFrameworkArduino.a(Print.cpp.o)
                0x0000000000006988                arduino::Print::print(char const*)
 .text._ZN7arduino5Print5printEc
                0x0000000000006990        0x8 .pio/build/uno_r4_wifi/libFrameworkArduino.a(Print.cpp.o)
                0x0000000000006990                arduino::Print::print(char)
 .text._ZN7arduino5Print7printlnEv
                0x0000000000006998        0xc .pio/build/uno_r4_wifi/libFrameworkArduino.a(Print.cpp.o)
                0x0000000000006998                arduino::Print::println()
 .text._ZN7arduino5Print11printNumberEmh
                0x00000000000069a4       0x3c .pio/build/uno_r4_wifi/libFrameworkArduino.a(Print.cpp.o)
                0x00000000000069a4                arduino::Print::printNumber(unsigned long, unsigned char)
 .text._ZN7arduino5Print5printEli
                0x00000000000069e0       0x44 .pio/build/uno_r4_wifi/libFrameworkArduino.a(Print.cpp.o)
                0x00000000000069e0                arduino::Print::print(long, int)
 .text._ZN7arduino5Print5printEii
                0x0000000000006a24        0x4 .pio/build/uno_r4_wifi/libFrameworkArduino.a(Print.cpp.o)
                0x0000000000006a24                arduino::Print::print(int, int)
 .text._ZN7arduino5Print5printEmi
                0x0000000000006a28       0x1a .pio/build/uno_r4_wifi/libFrameworkArduino.a(Print.cpp.o)
                0x0000000000006a28                arduino::Print::print(unsigned long, int)
 .text._ZN7arduino5Print5printEhi
                0x0000000000006a42        0x4 .pio/build/uno_r4_wifi/libFrameworkArduino.a(Print.cpp.o)
                0x0000000000006a42                arduino::Print::print(unsigned char, int)
 .text._ZN7arduino5Print7printlnEhi
                0x0000000000006a46       0x14 .pio/build/uno_r4_wifi/libFrameworkArduino.a(Print.cpp.o)
                0x0000000000006a46                arduino::Print::println(unsigned char, int)
 *fill*         0x0000000000006a5a        0x2 ff
 .text._ZN4CDacC2Eh
                0x0000000000006a5c       0x6c .pio/build/uno_r4_wifi/libFrameworkArduino.a(dac.cpp.o)
                0x0000000000006a5c                CDac::CDac(unsigned char)
                0x0000000000006a5c                CDac::CDac(unsigned char)
 .text.startup._GLOBAL__sub_I__ZN4CDacC2Eh
                0x0000000000006ac8        0xc .pio/build/uno_r4_wifi/libFrameworkArduino.a(dac.cpp.o)
 .text.pinMode  0x0000000000006ad4       0x30 .pio/build/uno_r4_wifi/libFrameworkArduino.a(digital.cpp.o)
                0x0000000000006ad4                pinMode
 .text.digitalWrite
                0x0000000000006b04       0x18 .pio/build/uno_r4_wifi/libFrameworkArduino.a(digital.cpp.o)
                0x0000000000006b04                digitalWrite
 .text.R_BSP_PinAccessEnable
                0x0000000000006b1c       0x2c .pio/build/uno_r4_wifi/libFrameworkArduino.a(main.cpp.o)
 .text._Z12arduino_mainv
                0x0000000000006b48       0x8c .pio/build/uno_r4_wifi/libFrameworkArduino.a(main.cpp.o)
                0x0000000000006b48                arduino_main()
 .text._write   0x0000000000006bd4        0xc .pio/build/uno_r4_wifi/libFrameworkArduino.a(main.cpp.o)
                0x0000000000006bd4                _write
 .text.hal_entry
                0x0000000000006be0        0x6 .pio/build/uno_r4_wifi/libFrameworkArduino.a(main.cpp.o)
                0x0000000000006be0                hal_entry
 .text.atexit   0x0000000000006be6        0x4 .pio/build/uno_r4_wifi/libFrameworkArduino.a(main.cpp.o)
                0x0000000000006be6                atexit
 *fill*         0x0000000000006bea        0x2 ff
 .text._Z13pinPeripheral19e_bsp_io_port_pin_tm
                0x0000000000006bec       0x10 .pio/build/uno_r4_wifi/libFrameworkArduino.a(pinDefinitions.cpp.o)
                0x0000000000006bec                pinPeripheral(e_bsp_io_port_pin_t, unsigned long)
 .text._ZL21timer_micros_callbackP22st_timer_callback_args
                0x0000000000006bfc       0x10 .pio/build/uno_r4_wifi/libFrameworkArduino.a(time.cpp.o)
 .text.delay    0x0000000000006c0c        0x8 .pio/build/uno_r4_wifi/libFrameworkArduino.a(time.cpp.o)
                0x0000000000006c0c                delay
 .text.delayMicroseconds
                0x0000000000006c14        0x6 .pio/build/uno_r4_wifi/libFrameworkArduino.a(time.cpp.o)
                0x0000000000006c14                delayMicroseconds
 *fill*         0x0000000000006c1a        0x2 ff
 .text._Z8startAgtv
                0x0000000000006c1c       0x6c .pio/build/uno_r4_wifi/libFrameworkArduino.a(time.cpp.o)
                0x0000000000006c1c                startAgt()
 .text.millis   0x0000000000006c88        0xc .pio/build/uno_r4_wifi/libFrameworkArduino.a(time.cpp.o)
                0x0000000000006c88                millis
 .text.startup._GLOBAL__sub_I_delayMicroseconds
                0x0000000000006c94        0xc .pio/build/uno_r4_wifi/libFrameworkArduino.a(time.cpp.o)
 .text.exit._GLOBAL__sub_D_delayMicroseconds
                0x0000000000006ca0        0xc .pio/build/uno_r4_wifi/libFrameworkArduino.a(time.cpp.o)
 .text._Z10getPinCfgsh11PinCfgReq_t
                0x0000000000006cac       0xe0 .pio/build/uno_r4_wifi/libFrameworkArduino.a(variant_helper.cpp.o)
                0x0000000000006cac                getPinCfgs(unsigned char, PinCfgReq_t)
 .text.dump_stack
                0x0000000000006d8c       0x7c .pio/build/uno_r4_wifi/libFrameworkArduino.a(cm_backtrace.c.o)
 .text.cm_backtrace_init
                0x0000000000006e08       0x74 .pio/build/uno_r4_wifi/libFrameworkArduino.a(cm_backtrace.c.o)
                0x0000000000006e08                cm_backtrace_init
 .text.cm_backtrace_firmware_info
                0x0000000000006e7c       0x2c .pio/build/uno_r4_wifi/libFrameworkArduino.a(cm_backtrace.c.o)
                0x0000000000006e7c                cm_backtrace_firmware_info
 .text.cm_backtrace_call_stack
                0x0000000000006ea8       0xe4 .pio/build/uno_r4_wifi/libFrameworkArduino.a(cm_backtrace.c.o)
                0x0000000000006ea8                cm_backtrace_call_stack
 .text.print_call_stack
                0x0000000000006f8c       0x94 .pio/build/uno_r4_wifi/libFrameworkArduino.a(cm_backtrace.c.o)
 .text.cm_backtrace_fault
                0x0000000000007020      0x470 .pio/build/uno_r4_wifi/libFrameworkArduino.a(cm_backtrace.c.o)
                0x0000000000007020                cm_backtrace_fault
 .text.Stacktrace_Handler
                0x0000000000007490        0xa .pio/build/uno_r4_wifi/libFrameworkArduino.a(cortex_handlers.c.o)
                0x0000000000007490                Stacktrace_Handler
 *fill*         0x000000000000749a        0x2 ff
 .text.r_spi_call_callback
                0x000000000000749c       0x40 /Users/jim/.platformio/packages/framework-arduinorenesas-uno/variants/UNOWIFIR4/libs/libfsp.a(r_spi.o)
 .text.spi_rxi_isr
                0x00000000000074dc       0x8c /Users/jim/.platformio/packages/framework-arduinorenesas-uno/variants/UNOWIFIR4/libs/libfsp.a(r_spi.o)
                0x00000000000074dc                spi_rxi_isr
 .text.spi_txi_isr
                0x0000000000007568       0xbc /Users/jim/.platformio/packages/framework-arduinorenesas-uno/variants/UNOWIFIR4/libs/libfsp.a(r_spi.o)
                0x0000000000007568                spi_txi_isr
 .text.spi_tei_isr
                0x0000000000007624       0xd8 /Users/jim/.platformio/packages/framework-arduinorenesas-uno/variants/UNOWIFIR4/libs/libfsp.a(r_spi.o)
                0x0000000000007624                spi_tei_isr
 .text.spi_eri_isr
                0x00000000000076fc       0xdc /Users/jim/.platformio/packages/framework-arduinorenesas-uno/variants/UNOWIFIR4/libs/libfsp.a(r_spi.o)
                0x00000000000076fc                spi_eri_isr
 .text.R_SCI_UART_Write
                0x00000000000077d8       0x7c /Users/jim/.platformio/packages/framework-arduinorenesas-uno/variants/UNOWIFIR4/libs/libfsp.a(r_sci_uart.o)
                0x00000000000077d8                R_SCI_UART_Write
 .text.R_SCI_UART_BaudSet
                0x0000000000007854       0x40 /Users/jim/.platformio/packages/framework-arduinorenesas-uno/variants/UNOWIFIR4/libs/libfsp.a(r_sci_uart.o)
                0x0000000000007854                R_SCI_UART_BaudSet
 .text.r_sci_uart_call_callback
                0x0000000000007894       0x44 /Users/jim/.platformio/packages/framework-arduinorenesas-uno/variants/UNOWIFIR4/libs/libfsp.a(r_sci_uart.o)
 .text.R_SCI_UART_Close
                0x00000000000078d8       0xd0 /Users/jim/.platformio/packages/framework-arduinorenesas-uno/variants/UNOWIFIR4/libs/libfsp.a(r_sci_uart.o)
                0x00000000000078d8                R_SCI_UART_Close
 .text.R_SCI_UART_Open
                0x00000000000079a8      0x488 /Users/jim/.platformio/packages/framework-arduinorenesas-uno/variants/UNOWIFIR4/libs/libfsp.a(r_sci_uart.o)
                0x00000000000079a8                R_SCI_UART_Open
 .text.R_SCI_UART_BaudCalculate
                0x0000000000007e30      0x1ac /Users/jim/.platformio/packages/framework-arduinorenesas-uno/variants/UNOWIFIR4/libs/libfsp.a(r_sci_uart.o)
                0x0000000000007e30                R_SCI_UART_BaudCalculate
 .text.sci_uart_txi_isr
                0x0000000000007fdc       0xe0 /Users/jim/.platformio/packages/framework-arduinorenesas-uno/variants/UNOWIFIR4/libs/libfsp.a(r_sci_uart.o)
                0x0000000000007fdc                sci_uart_txi_isr
 .text.sci_uart_rxi_isr
                0x00000000000080bc      0x17c /Users/jim/.platformio/packages/framework-arduinorenesas-uno/variants/UNOWIFIR4/libs/libfsp.a(r_sci_uart.o)
                0x00000000000080bc                sci_uart_rxi_isr
 .text.sci_uart_tei_isr
                0x0000000000008238       0x40 /Users/jim/.platformio/packages/framework-arduinorenesas-uno/variants/UNOWIFIR4/libs/libfsp.a(r_sci_uart.o)
                0x0000000000008238                sci_uart_tei_isr
 .text.sci_uart_eri_isr
                0x0000000000008278       0x6c /Users/jim/.platformio/packages/framework-arduinorenesas-uno/variants/UNOWIFIR4/libs/libfsp.a(r_sci_uart.o)
                0x0000000000008278                sci_uart_eri_isr
 .text.r_sci_spi_call_callback
                0x00000000000082e4       0x40 /Users/jim/.platformio/packages/framework-arduinorenesas-uno/variants/UNOWIFIR4/libs/libfsp.a(r_sci_spi.o)
 .text.sci_spi_txi_isr
                0x0000000000008324       0x68 /Users/jim/.platformio/packages/framework-arduinorenesas-uno/variants/UNOWIFIR4/libs/libfsp.a(r_sci_spi.o)
                0x0000000000008324                sci_spi_txi_isr
 .text.sci_spi_rxi_isr
                0x000000000000838c       0x74 /Users/jim/.platformio/packages/framework-arduinorenesas-uno/variants/UNOWIFIR4/libs/libfsp.a(r_sci_spi.o)
                0x000000000000838c                sci_spi_rxi_isr
 .text.sci_spi_tei_isr
                0x0000000000008400       0x3c /Users/jim/.platformio/packages/framework-arduinorenesas-uno/variants/UNOWIFIR4/libs/libfsp.a(r_sci_spi.o)
                0x0000000000008400                sci_spi_tei_isr
 .text.sci_spi_eri_isr
                0x000000000000843c       0x40 /Users/jim/.platformio/packages/framework-arduinorenesas-uno/variants/UNOWIFIR4/libs/libfsp.a(r_sci_spi.o)
                0x000000000000843c                sci_spi_eri_isr
 .text.R_SCI_I2C_Abort
                0x000000000000847c       0x28 /Users/jim/.platformio/packages/framework-arduinorenesas-uno/variants/UNOWIFIR4/libs/libfsp.a(r_sci_i2c.o)
                0x000000000000847c                R_SCI_I2C_Abort
 .text.R_SCI_I2C_SlaveAddressSet
                0x00000000000084a4        0xc /Users/jim/.platformio/packages/framework-arduinorenesas-uno/variants/UNOWIFIR4/libs/libfsp.a(r_sci_i2c.o)
                0x00000000000084a4                R_SCI_I2C_SlaveAddressSet
 .text.R_SCI_I2C_CallbackSet
                0x00000000000084b0       0x14 /Users/jim/.platformio/packages/framework-arduinorenesas-uno/variants/UNOWIFIR4/libs/libfsp.a(r_sci_i2c.o)
                0x00000000000084b0                R_SCI_I2C_CallbackSet
 .text.R_SCI_I2C_StatusGet
                0x00000000000084c4       0x18 /Users/jim/.platformio/packages/framework-arduinorenesas-uno/variants/UNOWIFIR4/libs/libfsp.a(r_sci_i2c.o)
                0x00000000000084c4                R_SCI_I2C_StatusGet
 .text.R_SCI_I2C_Close
                0x00000000000084dc       0x6c /Users/jim/.platformio/packages/framework-arduinorenesas-uno/variants/UNOWIFIR4/libs/libfsp.a(r_sci_i2c.o)
                0x00000000000084dc                R_SCI_I2C_Close
 .text.sci_i2c_enable_transfer_support_tx
                0x0000000000008548       0x34 /Users/jim/.platformio/packages/framework-arduinorenesas-uno/variants/UNOWIFIR4/libs/libfsp.a(r_sci_i2c.o)
 .text.sci_i2c_run_hw_master
                0x000000000000857c       0xb4 /Users/jim/.platformio/packages/framework-arduinorenesas-uno/variants/UNOWIFIR4/libs/libfsp.a(r_sci_i2c.o)
 .text.R_SCI_I2C_Read
                0x0000000000008630       0x34 /Users/jim/.platformio/packages/framework-arduinorenesas-uno/variants/UNOWIFIR4/libs/libfsp.a(r_sci_i2c.o)
                0x0000000000008630                R_SCI_I2C_Read
 .text.R_SCI_I2C_Write
                0x0000000000008664       0x30 /Users/jim/.platformio/packages/framework-arduinorenesas-uno/variants/UNOWIFIR4/libs/libfsp.a(r_sci_i2c.o)
                0x0000000000008664                R_SCI_I2C_Write
 .text.R_SCI_I2C_Open
                0x0000000000008694      0x238 /Users/jim/.platformio/packages/framework-arduinorenesas-uno/variants/UNOWIFIR4/libs/libfsp.a(r_sci_i2c.o)
                0x0000000000008694                R_SCI_I2C_Open
 .text.sci_i2c_notify
                0x00000000000088cc       0x60 /Users/jim/.platformio/packages/framework-arduinorenesas-uno/variants/UNOWIFIR4/libs/libfsp.a(r_sci_i2c.o)
                0x00000000000088cc                sci_i2c_notify
 .text.sci_i2c_rxi_isr
                0x000000000000892c       0x20 /Users/jim/.platformio/packages/framework-arduinorenesas-uno/variants/UNOWIFIR4/libs/libfsp.a(r_sci_i2c.o)
                0x000000000000892c                sci_i2c_rxi_isr
 .text.sci_i2c_txi_isr
                0x000000000000894c      0x1a0 /Users/jim/.platformio/packages/framework-arduinorenesas-uno/variants/UNOWIFIR4/libs/libfsp.a(r_sci_i2c.o)
                0x000000000000894c                sci_i2c_txi_isr
 .text.sci_i2c_tei_isr
                0x0000000000008aec       0xf0 /Users/jim/.platformio/packages/framework-arduinorenesas-uno/variants/UNOWIFIR4/libs/libfsp.a(r_sci_i2c.o)
                0x0000000000008aec                sci_i2c_tei_isr
 .text.rtc_alarm_periodic_isr
                0x0000000000008bdc       0x68 /Users/jim/.platformio/packages/framework-arduinorenesas-uno/variants/UNOWIFIR4/libs/libfsp.a(r_rtc.o)
                0x0000000000008bdc                rtc_alarm_periodic_isr
 .text.rtc_carry_isr
                0x0000000000008c44       0x2c /Users/jim/.platformio/packages/framework-arduinorenesas-uno/variants/UNOWIFIR4/libs/libfsp.a(r_rtc.o)
                0x0000000000008c44                rtc_carry_isr
 .text.R_IOPORT_PinWrite
                0x0000000000008c70       0x28 /Users/jim/.platformio/packages/framework-arduinorenesas-uno/variants/UNOWIFIR4/libs/libfsp.a(r_ioport.o)
                0x0000000000008c70                R_IOPORT_PinWrite
 .text.bsp_vbatt_init.isra.0
                0x0000000000008c98       0x8c /Users/jim/.platformio/packages/framework-arduinorenesas-uno/variants/UNOWIFIR4/libs/libfsp.a(r_ioport.o)
 .text.R_IOPORT_PinCfg
                0x0000000000008d24       0xa8 /Users/jim/.platformio/packages/framework-arduinorenesas-uno/variants/UNOWIFIR4/libs/libfsp.a(r_ioport.o)
                0x0000000000008d24                R_IOPORT_PinCfg
 .text.R_IIC_SLAVE_Read
                0x0000000000008dcc       0x34 /Users/jim/.platformio/packages/framework-arduinorenesas-uno/variants/UNOWIFIR4/libs/libfsp.a(r_iic_slave.o)
                0x0000000000008dcc                R_IIC_SLAVE_Read
 .text.R_IIC_SLAVE_Write
                0x0000000000008e00       0x34 /Users/jim/.platformio/packages/framework-arduinorenesas-uno/variants/UNOWIFIR4/libs/libfsp.a(r_iic_slave.o)
                0x0000000000008e00                R_IIC_SLAVE_Write
 .text.R_IIC_SLAVE_CallbackSet
                0x0000000000008e34       0x14 /Users/jim/.platformio/packages/framework-arduinorenesas-uno/variants/UNOWIFIR4/libs/libfsp.a(r_iic_slave.o)
                0x0000000000008e34                R_IIC_SLAVE_CallbackSet
 .text.R_IIC_SLAVE_Close
                0x0000000000008e48       0xb4 /Users/jim/.platformio/packages/framework-arduinorenesas-uno/variants/UNOWIFIR4/libs/libfsp.a(r_iic_slave.o)
                0x0000000000008e48                R_IIC_SLAVE_Close
 .text.R_IIC_SLAVE_Open
                0x0000000000008efc      0x240 /Users/jim/.platformio/packages/framework-arduinorenesas-uno/variants/UNOWIFIR4/libs/libfsp.a(r_iic_slave.o)
                0x0000000000008efc                R_IIC_SLAVE_Open
 .text.r_iic_slave_call_callback
                0x000000000000913c       0x3c /Users/jim/.platformio/packages/framework-arduinorenesas-uno/variants/UNOWIFIR4/libs/libfsp.a(r_iic_slave.o)
 .text.iic_slave_initiate_transaction
                0x0000000000009178       0x70 /Users/jim/.platformio/packages/framework-arduinorenesas-uno/variants/UNOWIFIR4/libs/libfsp.a(r_iic_slave.o)
 .text.iic_slave_notify
                0x00000000000091e8       0x40 /Users/jim/.platformio/packages/framework-arduinorenesas-uno/variants/UNOWIFIR4/libs/libfsp.a(r_iic_slave.o)
 .text.iic_slave_rxi_isr
                0x0000000000009228      0x120 /Users/jim/.platformio/packages/framework-arduinorenesas-uno/variants/UNOWIFIR4/libs/libfsp.a(r_iic_slave.o)
                0x0000000000009228                iic_slave_rxi_isr
 .text.iic_slave_txi_isr
                0x0000000000009348       0xa4 /Users/jim/.platformio/packages/framework-arduinorenesas-uno/variants/UNOWIFIR4/libs/libfsp.a(r_iic_slave.o)
                0x0000000000009348                iic_slave_txi_isr
 .text.iic_slave_tei_isr
                0x00000000000093ec       0x94 /Users/jim/.platformio/packages/framework-arduinorenesas-uno/variants/UNOWIFIR4/libs/libfsp.a(r_iic_slave.o)
                0x00000000000093ec                iic_slave_tei_isr
 .text.iic_slave_eri_isr
                0x0000000000009480       0x9c /Users/jim/.platformio/packages/framework-arduinorenesas-uno/variants/UNOWIFIR4/libs/libfsp.a(r_iic_slave.o)
                0x0000000000009480                iic_slave_eri_isr
 .text.R_IIC_MASTER_SlaveAddressSet
                0x000000000000951c        0xc /Users/jim/.platformio/packages/framework-arduinorenesas-uno/variants/UNOWIFIR4/libs/libfsp.a(r_iic_master.o)
                0x000000000000951c                R_IIC_MASTER_SlaveAddressSet
 .text.R_IIC_MASTER_CallbackSet
                0x0000000000009528       0x14 /Users/jim/.platformio/packages/framework-arduinorenesas-uno/variants/UNOWIFIR4/libs/libfsp.a(r_iic_master.o)
                0x0000000000009528                R_IIC_MASTER_CallbackSet
 .text.R_IIC_MASTER_StatusGet
                0x000000000000953c       0x18 /Users/jim/.platformio/packages/framework-arduinorenesas-uno/variants/UNOWIFIR4/libs/libfsp.a(r_iic_master.o)
                0x000000000000953c                R_IIC_MASTER_StatusGet
 .text.iic_master_notify
                0x0000000000009554       0x40 /Users/jim/.platformio/packages/framework-arduinorenesas-uno/variants/UNOWIFIR4/libs/libfsp.a(r_iic_master.o)
 .text.iic_master_run_hw_master
                0x0000000000009594       0xd4 /Users/jim/.platformio/packages/framework-arduinorenesas-uno/variants/UNOWIFIR4/libs/libfsp.a(r_iic_master.o)
 .text.R_IIC_MASTER_Read
                0x0000000000009668       0x34 /Users/jim/.platformio/packages/framework-arduinorenesas-uno/variants/UNOWIFIR4/libs/libfsp.a(r_iic_master.o)
                0x0000000000009668                R_IIC_MASTER_Read
 .text.R_IIC_MASTER_Write
                0x000000000000969c       0x30 /Users/jim/.platformio/packages/framework-arduinorenesas-uno/variants/UNOWIFIR4/libs/libfsp.a(r_iic_master.o)
                0x000000000000969c                R_IIC_MASTER_Write
 .text.iic_master_open_hw_master.isra.0
                0x00000000000096cc      0x190 /Users/jim/.platformio/packages/framework-arduinorenesas-uno/variants/UNOWIFIR4/libs/libfsp.a(r_iic_master.o)
 .text.R_IIC_MASTER_Open
                0x000000000000985c       0x9c /Users/jim/.platformio/packages/framework-arduinorenesas-uno/variants/UNOWIFIR4/libs/libfsp.a(r_iic_master.o)
                0x000000000000985c                R_IIC_MASTER_Open
 .text.iic_master_abort_seq_master
                0x00000000000098f8       0x64 /Users/jim/.platformio/packages/framework-arduinorenesas-uno/variants/UNOWIFIR4/libs/libfsp.a(r_iic_master.o)
 .text.R_IIC_MASTER_Abort
                0x000000000000995c        0xc /Users/jim/.platformio/packages/framework-arduinorenesas-uno/variants/UNOWIFIR4/libs/libfsp.a(r_iic_master.o)
                0x000000000000995c                R_IIC_MASTER_Abort
 .text.R_IIC_MASTER_Close
                0x0000000000009968       0xb8 /Users/jim/.platformio/packages/framework-arduinorenesas-uno/variants/UNOWIFIR4/libs/libfsp.a(r_iic_master.o)
                0x0000000000009968                R_IIC_MASTER_Close
 .text.iic_master_rxi_isr
                0x0000000000009a20      0x138 /Users/jim/.platformio/packages/framework-arduinorenesas-uno/variants/UNOWIFIR4/libs/libfsp.a(r_iic_master.o)
                0x0000000000009a20                iic_master_rxi_isr
 .text.iic_master_txi_isr
                0x0000000000009b58       0xec /Users/jim/.platformio/packages/framework-arduinorenesas-uno/variants/UNOWIFIR4/libs/libfsp.a(r_iic_master.o)
                0x0000000000009b58                iic_master_txi_isr
 .text.iic_master_tei_isr
                0x0000000000009c44       0xc0 /Users/jim/.platformio/packages/framework-arduinorenesas-uno/variants/UNOWIFIR4/libs/libfsp.a(r_iic_master.o)
                0x0000000000009c44                iic_master_tei_isr
 .text.iic_master_eri_isr
                0x0000000000009d04       0xe4 /Users/jim/.platformio/packages/framework-arduinorenesas-uno/variants/UNOWIFIR4/libs/libfsp.a(r_iic_master.o)
                0x0000000000009d04                iic_master_eri_isr
 .text.r_icu_isr
                0x0000000000009de8       0x6c /Users/jim/.platformio/packages/framework-arduinorenesas-uno/variants/UNOWIFIR4/libs/libfsp.a(r_icu.o)
                0x0000000000009de8                r_icu_isr
 .text.R_GPT_Start
                0x0000000000009e54        0xc /Users/jim/.platformio/packages/framework-arduinorenesas-uno/variants/UNOWIFIR4/libs/libfsp.a(r_gpt.o)
                0x0000000000009e54                R_GPT_Start
 .text.R_GPT_Enable
                0x0000000000009e60       0x30 /Users/jim/.platformio/packages/framework-arduinorenesas-uno/variants/UNOWIFIR4/libs/libfsp.a(r_gpt.o)
                0x0000000000009e60                R_GPT_Enable
 .text.r_gpt_enable_irq
                0x0000000000009e90       0x58 /Users/jim/.platformio/packages/framework-arduinorenesas-uno/variants/UNOWIFIR4/libs/libfsp.a(r_gpt.o)
 .text.r_gpt_call_callback
                0x0000000000009ee8       0x3c /Users/jim/.platformio/packages/framework-arduinorenesas-uno/variants/UNOWIFIR4/libs/libfsp.a(r_gpt.o)
 .text.r_gpt_disable_irq.part.3
                0x0000000000009f24       0x34 /Users/jim/.platformio/packages/framework-arduinorenesas-uno/variants/UNOWIFIR4/libs/libfsp.a(r_gpt.o)
 .text.R_GPT_Close
                0x0000000000009f58       0x4c /Users/jim/.platformio/packages/framework-arduinorenesas-uno/variants/UNOWIFIR4/libs/libfsp.a(r_gpt.o)
                0x0000000000009f58                R_GPT_Close
 .text.gpt_calculate_duty_cycle.isra.4
                0x0000000000009fa4       0x6c /Users/jim/.platformio/packages/framework-arduinorenesas-uno/variants/UNOWIFIR4/libs/libfsp.a(r_gpt.o)
 .text.R_GPT_Open
                0x000000000000a010      0x26c /Users/jim/.platformio/packages/framework-arduinorenesas-uno/variants/UNOWIFIR4/libs/libfsp.a(r_gpt.o)
                0x000000000000a010                R_GPT_Open
 .text.gpt_counter_overflow_isr
                0x000000000000a27c       0x74 /Users/jim/.platformio/packages/framework-arduinorenesas-uno/variants/UNOWIFIR4/libs/libfsp.a(r_gpt.o)
                0x000000000000a27c                gpt_counter_overflow_isr
 .text.R_DAC_Open
                0x000000000000a2f0       0x80 /Users/jim/.platformio/packages/framework-arduinorenesas-uno/variants/UNOWIFIR4/libs/libfsp.a(r_dac.o)
                0x000000000000a2f0                R_DAC_Open
 .text.R_DAC_Write
                0x000000000000a370        0xc /Users/jim/.platformio/packages/framework-arduinorenesas-uno/variants/UNOWIFIR4/libs/libfsp.a(r_dac.o)
                0x000000000000a370                R_DAC_Write
 .text.R_DAC_Start
                0x000000000000a37c       0x30 /Users/jim/.platformio/packages/framework-arduinorenesas-uno/variants/UNOWIFIR4/libs/libfsp.a(r_dac.o)
                0x000000000000a37c                R_DAC_Start
 .text.R_DAC_Stop
                0x000000000000a3ac       0x34 /Users/jim/.platformio/packages/framework-arduinorenesas-uno/variants/UNOWIFIR4/libs/libfsp.a(r_dac.o)
                0x000000000000a3ac                R_DAC_Stop
 .text.R_DAC_Close
                0x000000000000a3e0       0x48 /Users/jim/.platformio/packages/framework-arduinorenesas-uno/variants/UNOWIFIR4/libs/libfsp.a(r_dac.o)
                0x000000000000a3e0                R_DAC_Close
 .text.r_can_call_callback.isra.3
                0x000000000000a428       0x5c /Users/jim/.platformio/packages/framework-arduinorenesas-uno/variants/UNOWIFIR4/libs/libfsp.a(r_can.o)
 .text.can_error_isr
                0x000000000000a484       0xd4 /Users/jim/.platformio/packages/framework-arduinorenesas-uno/variants/UNOWIFIR4/libs/libfsp.a(r_can.o)
                0x000000000000a484                can_error_isr
 .text.can_rx_isr
                0x000000000000a558      0x11c /Users/jim/.platformio/packages/framework-arduinorenesas-uno/variants/UNOWIFIR4/libs/libfsp.a(r_can.o)
                0x000000000000a558                can_rx_isr
 .text.can_tx_isr
                0x000000000000a674       0xa4 /Users/jim/.platformio/packages/framework-arduinorenesas-uno/variants/UNOWIFIR4/libs/libfsp.a(r_can.o)
                0x000000000000a674                can_tx_isr
 .text.R_AGT_Open
                0x000000000000a718      0x120 /Users/jim/.platformio/packages/framework-arduinorenesas-uno/variants/UNOWIFIR4/libs/libfsp.a(r_agt.o)
                0x000000000000a718                R_AGT_Open
 .text.R_AGT_Start
                0x000000000000a838       0x44 /Users/jim/.platformio/packages/framework-arduinorenesas-uno/variants/UNOWIFIR4/libs/libfsp.a(r_agt.o)
                0x000000000000a838                R_AGT_Start
 .text.R_AGT_Enable
                0x000000000000a87c       0x14 /Users/jim/.platformio/packages/framework-arduinorenesas-uno/variants/UNOWIFIR4/libs/libfsp.a(r_agt.o)
                0x000000000000a87c                R_AGT_Enable
 .text.R_AGT_Close
                0x000000000000a890       0x68 /Users/jim/.platformio/packages/framework-arduinorenesas-uno/variants/UNOWIFIR4/libs/libfsp.a(r_agt.o)
                0x000000000000a890                R_AGT_Close
 .text.agt_int_isr
                0x000000000000a8f8       0x88 /Users/jim/.platformio/packages/framework-arduinorenesas-uno/variants/UNOWIFIR4/libs/libfsp.a(r_agt.o)
                0x000000000000a8f8                agt_int_isr
 .text.R_ADC_ScanStart
                0x000000000000a980        0xc /Users/jim/.platformio/packages/framework-arduinorenesas-uno/variants/UNOWIFIR4/libs/libfsp.a(r_adc.o)
                0x000000000000a980                R_ADC_ScanStart
 .text.R_ADC_StatusGet
                0x000000000000a98c       0x10 /Users/jim/.platformio/packages/framework-arduinorenesas-uno/variants/UNOWIFIR4/libs/libfsp.a(r_adc.o)
                0x000000000000a98c                R_ADC_StatusGet
 .text.R_ADC_Read
                0x000000000000a99c       0x10 /Users/jim/.platformio/packages/framework-arduinorenesas-uno/variants/UNOWIFIR4/libs/libfsp.a(r_adc.o)
                0x000000000000a99c                R_ADC_Read
 .text.R_ADC_ScanCfg
                0x000000000000a9ac      0x190 /Users/jim/.platformio/packages/framework-arduinorenesas-uno/variants/UNOWIFIR4/libs/libfsp.a(r_adc.o)
                0x000000000000a9ac                R_ADC_ScanCfg
 .text.r_adc_irq_enable.part.1
                0x000000000000ab3c       0x54 /Users/jim/.platformio/packages/framework-arduinorenesas-uno/variants/UNOWIFIR4/libs/libfsp.a(r_adc.o)
 .text.r_adc_irq_disable.part.2
                0x000000000000ab90       0x34 /Users/jim/.platformio/packages/framework-arduinorenesas-uno/variants/UNOWIFIR4/libs/libfsp.a(r_adc.o)
 .text.R_ADC_Close
                0x000000000000abc4       0x70 /Users/jim/.platformio/packages/framework-arduinorenesas-uno/variants/UNOWIFIR4/libs/libfsp.a(r_adc.o)
                0x000000000000abc4                R_ADC_Close
 .text.R_ADC_Open
                0x000000000000ac34      0x13c /Users/jim/.platformio/packages/framework-arduinorenesas-uno/variants/UNOWIFIR4/libs/libfsp.a(r_adc.o)
                0x000000000000ac34                R_ADC_Open
 .text.bsp_prv_operating_mode_opccr_set.part.0
                0x000000000000ad70       0x38 /Users/jim/.platformio/packages/framework-arduinorenesas-uno/variants/UNOWIFIR4/libs/libfsp.a(bsp_clocks.o)
 .text.SystemCoreClockUpdate
                0x000000000000ada8       0x28 /Users/jim/.platformio/packages/framework-arduinorenesas-uno/variants/UNOWIFIR4/libs/libfsp.a(bsp_clocks.o)
                0x000000000000ada8                SystemCoreClockUpdate
 .text.bsp_clock_init
                0x000000000000add0       0xfc /Users/jim/.platformio/packages/framework-arduinorenesas-uno/variants/UNOWIFIR4/libs/libfsp.a(bsp_clocks.o)
                0x000000000000add0                bsp_clock_init
 .text.bsp_prv_software_delay_loop
                0x000000000000aecc        0xc /Users/jim/.platformio/packages/framework-arduinorenesas-uno/variants/UNOWIFIR4/libs/libfsp.a(bsp_delay.o)
                0x000000000000aecc                bsp_prv_software_delay_loop
 .text.R_BSP_SoftwareDelay
                0x000000000000aed8       0x5c /Users/jim/.platformio/packages/framework-arduinorenesas-uno/variants/UNOWIFIR4/libs/libfsp.a(bsp_delay.o)
                0x000000000000aed8                R_BSP_SoftwareDelay
 .text.NMI_Handler
                0x000000000000af34       0x38 /Users/jim/.platformio/packages/framework-arduinorenesas-uno/variants/UNOWIFIR4/libs/libfsp.a(bsp_group_irq.o)
                0x000000000000af34                NMI_Handler
 .text.bsp_irq_cfg
                0x000000000000af6c       0x28 /Users/jim/.platformio/packages/framework-arduinorenesas-uno/variants/UNOWIFIR4/libs/libfsp.a(bsp_irq.o)
                0x000000000000af6c                bsp_irq_cfg
 .text.R_BSP_RegisterProtectEnable
                0x000000000000af94       0x60 /Users/jim/.platformio/packages/framework-arduinorenesas-uno/variants/UNOWIFIR4/libs/libfsp.a(bsp_register_protection.o)
                0x000000000000af94                R_BSP_RegisterProtectEnable
 .text.R_BSP_RegisterProtectDisable
                0x000000000000aff4       0x4c /Users/jim/.platformio/packages/framework-arduinorenesas-uno/variants/UNOWIFIR4/libs/libfsp.a(bsp_register_protection.o)
                0x000000000000aff4                R_BSP_RegisterProtectDisable
 .text.Default_Handler
                0x000000000000b040        0x4 /Users/jim/.platformio/packages/framework-arduinorenesas-uno/variants/UNOWIFIR4/libs/libfsp.a(startup.o)
                0x000000000000b040                BusFault_Handler
                0x000000000000b040                HardFault_Handler
                0x000000000000b040                SysTick_Handler
                0x000000000000b040                PendSV_Handler
                0x000000000000b040                UsageFault_Handler
                0x000000000000b040                SecureFault_Handler
                0x000000000000b040                Default_Handler
                0x000000000000b040                MemManage_Handler
                0x000000000000b040                SVC_Handler
                0x000000000000b040                DebugMon_Handler
 .text.Reset_Handler
                0x000000000000b044        0xc /Users/jim/.platformio/packages/framework-arduinorenesas-uno/variants/UNOWIFIR4/libs/libfsp.a(startup.o)
                0x000000000000b044                Reset_Handler
 .text.R_BSP_WarmStart
                0x000000000000b050        0x4 /Users/jim/.platformio/packages/framework-arduinorenesas-uno/variants/UNOWIFIR4/libs/libfsp.a(system.o)
                0x000000000000b050                R_BSP_WarmStart
 .text.SystemInit
                0x000000000000b054      0x150 /Users/jim/.platformio/packages/framework-arduinorenesas-uno/variants/UNOWIFIR4/libs/libfsp.a(system.o)
                0x000000000000b054                SystemInit
 .text.bsp_init_internal
                0x000000000000b1a4        0x4 /Users/jim/.platformio/packages/framework-arduinorenesas-uno/variants/UNOWIFIR4/libs/libfsp.a(bsp_common.o)
                0x000000000000b1a4                bsp_init
                0x000000000000b1a4                bsp_init_internal
 .text._ZdlPvj  0x000000000000b1a8        0x4 /Users/jim/.platformio/packages/toolchain-gccarmnoneeabi/bin/../lib/gcc/arm-none-eabi/7.2.1/../../../../arm-none-eabi/lib/thumb/v7e-m/fpv4-sp/hard/libstdc++_nano.a(del_ops.o)
                0x000000000000b1a8                operator delete(void*, unsigned int)
 .text.__cxa_guard_acquire
                0x000000000000b1ac       0x18 /Users/jim/.platformio/packages/toolchain-gccarmnoneeabi/bin/../lib/gcc/arm-none-eabi/7.2.1/../../../../arm-none-eabi/lib/thumb/v7e-m/fpv4-sp/hard/libstdc++_nano.a(guard.o)
                0x000000000000b1ac                __cxa_guard_acquire
 .text.__cxa_guard_release
                0x000000000000b1c4        0x6 /Users/jim/.platformio/packages/toolchain-gccarmnoneeabi/bin/../lib/gcc/arm-none-eabi/7.2.1/../../../../arm-none-eabi/lib/thumb/v7e-m/fpv4-sp/hard/libstdc++_nano.a(guard.o)
                0x000000000000b1c4                __cxa_guard_release
 .text._Znwj    0x000000000000b1ca       0x22 /Users/jim/.platformio/packages/toolchain-gccarmnoneeabi/bin/../lib/gcc/arm-none-eabi/7.2.1/../../../../arm-none-eabi/lib/thumb/v7e-m/fpv4-sp/hard/libstdc++_nano.a(new_op.o)
                0x000000000000b1ca                operator new(unsigned int)
 .text._ZdlPv   0x000000000000b1ec        0x4 /Users/jim/.platformio/packages/toolchain-gccarmnoneeabi/bin/../lib/gcc/arm-none-eabi/7.2.1/../../../../arm-none-eabi/lib/thumb/v7e-m/fpv4-sp/hard/libstdc++_nano.a(del_op.o)
                0x000000000000b1ec                operator delete(void*)
 .text._ZSt15get_new_handlerv
                0x000000000000b1f0       0x10 /Users/jim/.platformio/packages/toolchain-gccarmnoneeabi/bin/../lib/gcc/arm-none-eabi/7.2.1/../../../../arm-none-eabi/lib/thumb/v7e-m/fpv4-sp/hard/libstdc++_nano.a(new_handler.o)
                0x000000000000b1f0                std::get_new_handler()
 .text          0x000000000000b200      0x378 /Users/jim/.platformio/packages/toolchain-gccarmnoneeabi/bin/../lib/gcc/arm-none-eabi/7.2.1/thumb/v7e-m/fpv4-sp/hard/libgcc.a(_arm_addsubdf3.o)
                0x000000000000b200                __aeabi_drsub
                0x000000000000b208                __subdf3
                0x000000000000b208                __aeabi_dsub
                0x000000000000b20c                __aeabi_dadd
                0x000000000000b20c                __adddf3
                0x000000000000b484                __aeabi_ui2d
                0x000000000000b484                __floatunsidf
                0x000000000000b4a4                __floatsidf
                0x000000000000b4a4                __aeabi_i2d
                0x000000000000b4c8                __extendsfdf2
                0x000000000000b4c8                __aeabi_f2d
                0x000000000000b50c                __aeabi_ul2d
                0x000000000000b50c                __floatundidf
                0x000000000000b51c                __aeabi_l2d
                0x000000000000b51c                __floatdidf
 .text          0x000000000000b578      0x424 /Users/jim/.platformio/packages/toolchain-gccarmnoneeabi/bin/../lib/gcc/arm-none-eabi/7.2.1/thumb/v7e-m/fpv4-sp/hard/libgcc.a(_arm_muldivdf3.o)
                0x000000000000b578                __aeabi_dmul
                0x000000000000b578                __muldf3
                0x000000000000b7cc                __aeabi_ddiv
                0x000000000000b7cc                __divdf3
 .text          0x000000000000b99c       0xa0 /Users/jim/.platformio/packages/toolchain-gccarmnoneeabi/bin/../lib/gcc/arm-none-eabi/7.2.1/thumb/v7e-m/fpv4-sp/hard/libgcc.a(_arm_truncdfsf2.o)
                0x000000000000b99c                __aeabi_d2f
                0x000000000000b99c                __truncdfsf2
 .text          0x000000000000ba3c       0xa0 /Users/jim/.platformio/packages/toolchain-gccarmnoneeabi/bin/../lib/gcc/arm-none-eabi/7.2.1/thumb/v7e-m/fpv4-sp/hard/libgcc.a(_aeabi_ldivmod.o)
                0x000000000000ba3c                __aeabi_ldivmod
 .text          0x000000000000badc      0x2cc /Users/jim/.platformio/packages/toolchain-gccarmnoneeabi/bin/../lib/gcc/arm-none-eabi/7.2.1/thumb/v7e-m/fpv4-sp/hard/libgcc.a(_udivmoddi4.o)
                0x000000000000badc                __udivmoddi4
 .text          0x000000000000bda8        0x4 /Users/jim/.platformio/packages/toolchain-gccarmnoneeabi/bin/../lib/gcc/arm-none-eabi/7.2.1/thumb/v7e-m/fpv4-sp/hard/libgcc.a(_dvmd_tls.o)
                0x000000000000bda8                __aeabi_ldiv0
                0x000000000000bda8                __aeabi_idiv0
 .text.abort    0x000000000000bdac        0xe /Users/jim/.platformio/packages/toolchain-gccarmnoneeabi/bin/../lib/gcc/arm-none-eabi/7.2.1/../../../../arm-none-eabi/lib/thumb/v7e-m/fpv4-sp/hard/libc_nano.a(lib_a-abort.o)
                0x000000000000bdac                abort
 *fill*         0x000000000000bdba        0x2 ff
 .text.malloc   0x000000000000bdbc       0x10 /Users/jim/.platformio/packages/toolchain-gccarmnoneeabi/bin/../lib/gcc/arm-none-eabi/7.2.1/../../../../arm-none-eabi/lib/thumb/v7e-m/fpv4-sp/hard/libc_nano.a(lib_a-malloc.o)
                0x000000000000bdbc                malloc
 .text.free     0x000000000000bdcc       0x10 /Users/jim/.platformio/packages/toolchain-gccarmnoneeabi/bin/../lib/gcc/arm-none-eabi/7.2.1/../../../../arm-none-eabi/lib/thumb/v7e-m/fpv4-sp/hard/libc_nano.a(lib_a-malloc.o)
                0x000000000000bdcc                free
 .text.memcpy   0x000000000000bddc       0x16 /Users/jim/.platformio/packages/toolchain-gccarmnoneeabi/bin/../lib/gcc/arm-none-eabi/7.2.1/../../../../arm-none-eabi/lib/thumb/v7e-m/fpv4-sp/hard/libc_nano.a(lib_a-memcpy-stub.o)
                0x000000000000bddc                memcpy
 .text.memset   0x000000000000bdf2       0x10 /Users/jim/.platformio/packages/toolchain-gccarmnoneeabi/bin/../lib/gcc/arm-none-eabi/7.2.1/../../../../arm-none-eabi/lib/thumb/v7e-m/fpv4-sp/hard/libc_nano.a(lib_a-memset.o)
                0x000000000000bdf2                memset
 *fill*         0x000000000000be02        0x2 ff
 .text._free_r  0x000000000000be04       0x9c /Users/jim/.platformio/packages/toolchain-gccarmnoneeabi/bin/../lib/gcc/arm-none-eabi/7.2.1/../../../../arm-none-eabi/lib/thumb/v7e-m/fpv4-sp/hard/libc_nano.a(lib_a-nano-freer.o)
                0x000000000000be04                _free_r
 .text._malloc_r
                0x000000000000bea0       0xb4 /Users/jim/.platformio/packages/toolchain-gccarmnoneeabi/bin/../lib/gcc/arm-none-eabi/7.2.1/../../../../arm-none-eabi/lib/thumb/v7e-m/fpv4-sp/hard/libc_nano.a(lib_a-nano-mallocr.o)
                0x000000000000bea0                _malloc_r
 .text.printf   0x000000000000bf54       0x30 /Users/jim/.platformio/packages/toolchain-gccarmnoneeabi/bin/../lib/gcc/arm-none-eabi/7.2.1/../../../../arm-none-eabi/lib/thumb/v7e-m/fpv4-sp/hard/libc_nano.a(lib_a-printf.o)
                0x000000000000bf54                printf
                0x000000000000bf54                iprintf
 .text._sbrk_r  0x000000000000bf84       0x20 /Users/jim/.platformio/packages/toolchain-gccarmnoneeabi/bin/../lib/gcc/arm-none-eabi/7.2.1/../../../../arm-none-eabi/lib/thumb/v7e-m/fpv4-sp/hard/libc_nano.a(lib_a-sbrkr.o)
                0x000000000000bf84                _sbrk_r
 .text._raise_r
                0x000000000000bfa4       0x50 /Users/jim/.platformio/packages/toolchain-gccarmnoneeabi/bin/../lib/gcc/arm-none-eabi/7.2.1/../../../../arm-none-eabi/lib/thumb/v7e-m/fpv4-sp/hard/libc_nano.a(lib_a-signal.o)
                0x000000000000bfa4                _raise_r
 .text.raise    0x000000000000bff4       0x10 /Users/jim/.platformio/packages/toolchain-gccarmnoneeabi/bin/../lib/gcc/arm-none-eabi/7.2.1/../../../../arm-none-eabi/lib/thumb/v7e-m/fpv4-sp/hard/libc_nano.a(lib_a-signal.o)
                0x000000000000bff4                raise
 .text._kill_r  0x000000000000c004       0x24 /Users/jim/.platformio/packages/toolchain-gccarmnoneeabi/bin/../lib/gcc/arm-none-eabi/7.2.1/../../../../arm-none-eabi/lib/thumb/v7e-m/fpv4-sp/hard/libc_nano.a(lib_a-signalr.o)
                0x000000000000c004                _kill_r
 .text._getpid_r
                0x000000000000c028        0x4 /Users/jim/.platformio/packages/toolchain-gccarmnoneeabi/bin/../lib/gcc/arm-none-eabi/7.2.1/../../../../arm-none-eabi/lib/thumb/v7e-m/fpv4-sp/hard/libc_nano.a(lib_a-signalr.o)
                0x000000000000c028                _getpid_r
 .text.sprintf  0x000000000000c02c       0x40 /Users/jim/.platformio/packages/toolchain-gccarmnoneeabi/bin/../lib/gcc/arm-none-eabi/7.2.1/../../../../arm-none-eabi/lib/thumb/v7e-m/fpv4-sp/hard/libc_nano.a(lib_a-sprintf.o)
                0x000000000000c02c                sprintf
                0x000000000000c02c                siprintf
 .text          0x000000000000c06c       0x10 /Users/jim/.platformio/packages/toolchain-gccarmnoneeabi/bin/../lib/gcc/arm-none-eabi/7.2.1/../../../../arm-none-eabi/lib/thumb/v7e-m/fpv4-sp/hard/libc_nano.a(lib_a-strlen.o)
                0x000000000000c06c                strlen
 .text.std      0x000000000000c07c       0x48 /Users/jim/.platformio/packages/toolchain-gccarmnoneeabi/bin/../lib/gcc/arm-none-eabi/7.2.1/../../../../arm-none-eabi/lib/thumb/v7e-m/fpv4-sp/hard/libc_nano.a(lib_a-findfp.o)
 .text._cleanup_r
                0x000000000000c0c4        0xc /Users/jim/.platformio/packages/toolchain-gccarmnoneeabi/bin/../lib/gcc/arm-none-eabi/7.2.1/../../../../arm-none-eabi/lib/thumb/v7e-m/fpv4-sp/hard/libc_nano.a(lib_a-findfp.o)
                0x000000000000c0c4                _cleanup_r
 .text.__sfmoreglue
                0x000000000000c0d0       0x2c /Users/jim/.platformio/packages/toolchain-gccarmnoneeabi/bin/../lib/gcc/arm-none-eabi/7.2.1/../../../../arm-none-eabi/lib/thumb/v7e-m/fpv4-sp/hard/libc_nano.a(lib_a-findfp.o)
                0x000000000000c0d0                __sfmoreglue
 .text.__sinit  0x000000000000c0fc       0x60 /Users/jim/.platformio/packages/toolchain-gccarmnoneeabi/bin/../lib/gcc/arm-none-eabi/7.2.1/../../../../arm-none-eabi/lib/thumb/v7e-m/fpv4-sp/hard/libc_nano.a(lib_a-findfp.o)
                0x000000000000c0fc                __sinit
 .text.__sfp    0x000000000000c15c       0x78 /Users/jim/.platformio/packages/toolchain-gccarmnoneeabi/bin/../lib/gcc/arm-none-eabi/7.2.1/../../../../arm-none-eabi/lib/thumb/v7e-m/fpv4-sp/hard/libc_nano.a(lib_a-findfp.o)
                0x000000000000c15c                __sfp
 .text._fwalk_reent
                0x000000000000c1d4       0x3c /Users/jim/.platformio/packages/toolchain-gccarmnoneeabi/bin/../lib/gcc/arm-none-eabi/7.2.1/../../../../arm-none-eabi/lib/thumb/v7e-m/fpv4-sp/hard/libc_nano.a(lib_a-fwalk.o)
                0x000000000000c1d4                _fwalk_reent
 .text.__malloc_lock
                0x000000000000c210        0x2 /Users/jim/.platformio/packages/toolchain-gccarmnoneeabi/bin/../lib/gcc/arm-none-eabi/7.2.1/../../../../arm-none-eabi/lib/thumb/v7e-m/fpv4-sp/hard/libc_nano.a(lib_a-mlock.o)
                0x000000000000c210                __malloc_lock
 .text.__malloc_unlock
                0x000000000000c212        0x2 /Users/jim/.platformio/packages/toolchain-gccarmnoneeabi/bin/../lib/gcc/arm-none-eabi/7.2.1/../../../../arm-none-eabi/lib/thumb/v7e-m/fpv4-sp/hard/libc_nano.a(lib_a-mlock.o)
                0x000000000000c212                __malloc_unlock
 .text.__ssputs_r
                0x000000000000c214       0xb4 /Users/jim/.platformio/packages/toolchain-gccarmnoneeabi/bin/../lib/gcc/arm-none-eabi/7.2.1/../../../../arm-none-eabi/lib/thumb/v7e-m/fpv4-sp/hard/libc_nano.a(lib_a-nano-svfprintf.o)
                0x000000000000c214                __ssputs_r
 .text._svfprintf_r
                0x000000000000c2c8      0x1ec /Users/jim/.platformio/packages/toolchain-gccarmnoneeabi/bin/../lib/gcc/arm-none-eabi/7.2.1/../../../../arm-none-eabi/lib/thumb/v7e-m/fpv4-sp/hard/libc_nano.a(lib_a-nano-svfprintf.o)
                0x000000000000c2c8                _svfprintf_r
                0x000000000000c2c8                _svfiprintf_r
 .text.__sfputc_r
                0x000000000000c4b4       0x2e /Users/jim/.platformio/packages/toolchain-gccarmnoneeabi/bin/../lib/gcc/arm-none-eabi/7.2.1/../../../../arm-none-eabi/lib/thumb/v7e-m/fpv4-sp/hard/libc_nano.a(lib_a-nano-vfprintf.o)
 .text.__sfputs_r
                0x000000000000c4e2       0x24 /Users/jim/.platformio/packages/toolchain-gccarmnoneeabi/bin/../lib/gcc/arm-none-eabi/7.2.1/../../../../arm-none-eabi/lib/thumb/v7e-m/fpv4-sp/hard/libc_nano.a(lib_a-nano-vfprintf.o)
                0x000000000000c4e2                __sfputs_r
 *fill*         0x000000000000c506        0x2 ff
 .text._vfprintf_r
                0x000000000000c508      0x228 /Users/jim/.platformio/packages/toolchain-gccarmnoneeabi/bin/../lib/gcc/arm-none-eabi/7.2.1/../../../../arm-none-eabi/lib/thumb/v7e-m/fpv4-sp/hard/libc_nano.a(lib_a-nano-vfprintf.o)
                0x000000000000c508                _vfiprintf_r
                0x000000000000c508                _vfprintf_r
 .text._printf_common
                0x000000000000c730       0xea /Users/jim/.platformio/packages/toolchain-gccarmnoneeabi/bin/../lib/gcc/arm-none-eabi/7.2.1/../../../../arm-none-eabi/lib/thumb/v7e-m/fpv4-sp/hard/libc_nano.a(lib_a-nano-vfprintf_i.o)
                0x000000000000c730                _printf_common
 *fill*         0x000000000000c81a        0x2 ff
 .text._printf_i
                0x000000000000c81c      0x224 /Users/jim/.platformio/packages/toolchain-gccarmnoneeabi/bin/../lib/gcc/arm-none-eabi/7.2.1/../../../../arm-none-eabi/lib/thumb/v7e-m/fpv4-sp/hard/libc_nano.a(lib_a-nano-vfprintf_i.o)
                0x000000000000c81c                _printf_i
 .text.__sread  0x000000000000ca40       0x22 /Users/jim/.platformio/packages/toolchain-gccarmnoneeabi/bin/../lib/gcc/arm-none-eabi/7.2.1/../../../../arm-none-eabi/lib/thumb/v7e-m/fpv4-sp/hard/libc_nano.a(lib_a-stdio.o)
                0x000000000000ca40                __sread
 .text.__swrite
                0x000000000000ca62       0x38 /Users/jim/.platformio/packages/toolchain-gccarmnoneeabi/bin/../lib/gcc/arm-none-eabi/7.2.1/../../../../arm-none-eabi/lib/thumb/v7e-m/fpv4-sp/hard/libc_nano.a(lib_a-stdio.o)
                0x000000000000ca62                __swrite
 .text.__sseek  0x000000000000ca9a       0x24 /Users/jim/.platformio/packages/toolchain-gccarmnoneeabi/bin/../lib/gcc/arm-none-eabi/7.2.1/../../../../arm-none-eabi/lib/thumb/v7e-m/fpv4-sp/hard/libc_nano.a(lib_a-stdio.o)
                0x000000000000ca9a                __sseek
 .text.__sclose
                0x000000000000cabe        0x8 /Users/jim/.platformio/packages/toolchain-gccarmnoneeabi/bin/../lib/gcc/arm-none-eabi/7.2.1/../../../../arm-none-eabi/lib/thumb/v7e-m/fpv4-sp/hard/libc_nano.a(lib_a-stdio.o)
                0x000000000000cabe                __sclose
 *fill*         0x000000000000cac6        0x2 ff
 .text.__swbuf_r
                0x000000000000cac8       0xa4 /Users/jim/.platformio/packages/toolchain-gccarmnoneeabi/bin/../lib/gcc/arm-none-eabi/7.2.1/../../../../arm-none-eabi/lib/thumb/v7e-m/fpv4-sp/hard/libc_nano.a(lib_a-wbuf.o)
                0x000000000000cac8                __swbuf_r
 .text._write_r
                0x000000000000cb6c       0x24 /Users/jim/.platformio/packages/toolchain-gccarmnoneeabi/bin/../lib/gcc/arm-none-eabi/7.2.1/../../../../arm-none-eabi/lib/thumb/v7e-m/fpv4-sp/hard/libc_nano.a(lib_a-writer.o)
                0x000000000000cb6c                _write_r
 .text.__swsetup_r
                0x000000000000cb90       0xdc /Users/jim/.platformio/packages/toolchain-gccarmnoneeabi/bin/../lib/gcc/arm-none-eabi/7.2.1/../../../../arm-none-eabi/lib/thumb/v7e-m/fpv4-sp/hard/libc_nano.a(lib_a-wsetup.o)
                0x000000000000cb90                __swsetup_r
 .text._close_r
                0x000000000000cc6c       0x20 /Users/jim/.platformio/packages/toolchain-gccarmnoneeabi/bin/../lib/gcc/arm-none-eabi/7.2.1/../../../../arm-none-eabi/lib/thumb/v7e-m/fpv4-sp/hard/libc_nano.a(lib_a-closer.o)
                0x000000000000cc6c                _close_r
 .text.__sflush_r
                0x000000000000cc8c      0x10c /Users/jim/.platformio/packages/toolchain-gccarmnoneeabi/bin/../lib/gcc/arm-none-eabi/7.2.1/../../../../arm-none-eabi/lib/thumb/v7e-m/fpv4-sp/hard/libc_nano.a(lib_a-fflush.o)
                0x000000000000cc8c                __sflush_r
 .text._fflush_r
                0x000000000000cd98       0x54 /Users/jim/.platformio/packages/toolchain-gccarmnoneeabi/bin/../lib/gcc/arm-none-eabi/7.2.1/../../../../arm-none-eabi/lib/thumb/v7e-m/fpv4-sp/hard/libc_nano.a(lib_a-fflush.o)
                0x000000000000cd98                _fflush_r
 .text._lseek_r
                0x000000000000cdec       0x24 /Users/jim/.platformio/packages/toolchain-gccarmnoneeabi/bin/../lib/gcc/arm-none-eabi/7.2.1/../../../../arm-none-eabi/lib/thumb/v7e-m/fpv4-sp/hard/libc_nano.a(lib_a-lseekr.o)
                0x000000000000cdec                _lseek_r
 .text.__swhatbuf_r
                0x000000000000ce10       0x48 /Users/jim/.platformio/packages/toolchain-gccarmnoneeabi/bin/../lib/gcc/arm-none-eabi/7.2.1/../../../../arm-none-eabi/lib/thumb/v7e-m/fpv4-sp/hard/libc_nano.a(lib_a-makebuf.o)
                0x000000000000ce10                __swhatbuf_r
 .text.__smakebuf_r
                0x000000000000ce58       0x80 /Users/jim/.platformio/packages/toolchain-gccarmnoneeabi/bin/../lib/gcc/arm-none-eabi/7.2.1/../../../../arm-none-eabi/lib/thumb/v7e-m/fpv4-sp/hard/libc_nano.a(lib_a-makebuf.o)
                0x000000000000ce58                __smakebuf_r
 *fill*         0x000000000000ced8        0x8 ff
 .text          0x000000000000cee0       0xa0 /Users/jim/.platformio/packages/toolchain-gccarmnoneeabi/bin/../lib/gcc/arm-none-eabi/7.2.1/../../../../arm-none-eabi/lib/thumb/v7e-m/fpv4-sp/hard/libc_nano.a(lib_a-memchr.o)
                0x000000000000cee0                memchr
 .text.memmove  0x000000000000cf80       0x32 /Users/jim/.platformio/packages/toolchain-gccarmnoneeabi/bin/../lib/gcc/arm-none-eabi/7.2.1/../../../../arm-none-eabi/lib/thumb/v7e-m/fpv4-sp/hard/libc_nano.a(lib_a-memmove.o)
                0x000000000000cf80                memmove
 .text._realloc_r
                0x000000000000cfb2       0x4c /Users/jim/.platformio/packages/toolchain-gccarmnoneeabi/bin/../lib/gcc/arm-none-eabi/7.2.1/../../../../arm-none-eabi/lib/thumb/v7e-m/fpv4-sp/hard/libc_nano.a(lib_a-nano-reallocr.o)
                0x000000000000cfb2                _realloc_r
 *fill*         0x000000000000cffe        0x2 ff
 .text._read_r  0x000000000000d000       0x24 /Users/jim/.platformio/packages/toolchain-gccarmnoneeabi/bin/../lib/gcc/arm-none-eabi/7.2.1/../../../../arm-none-eabi/lib/thumb/v7e-m/fpv4-sp/hard/libc_nano.a(lib_a-readr.o)
                0x000000000000d000                _read_r
 .text._fstat_r
                0x000000000000d024       0x24 /Users/jim/.platformio/packages/toolchain-gccarmnoneeabi/bin/../lib/gcc/arm-none-eabi/7.2.1/../../../../arm-none-eabi/lib/thumb/v7e-m/fpv4-sp/hard/libc_nano.a(lib_a-fstatr.o)
                0x000000000000d024                _fstat_r
 .text._isatty_r
                0x000000000000d048       0x20 /Users/jim/.platformio/packages/toolchain-gccarmnoneeabi/bin/../lib/gcc/arm-none-eabi/7.2.1/../../../../arm-none-eabi/lib/thumb/v7e-m/fpv4-sp/hard/libc_nano.a(lib_a-isattyr.o)
                0x000000000000d048                _isatty_r
 .text._malloc_usable_size_r
                0x000000000000d068       0x10 /Users/jim/.platformio/packages/toolchain-gccarmnoneeabi/bin/../lib/gcc/arm-none-eabi/7.2.1/../../../../arm-none-eabi/lib/thumb/v7e-m/fpv4-sp/hard/libc_nano.a(lib_a-nano-msizer.o)
                0x000000000000d068                _malloc_usable_size_r
 .text._close   0x000000000000d078       0x10 /Users/jim/.platformio/packages/toolchain-gccarmnoneeabi/bin/../lib/gcc/arm-none-eabi/7.2.1/../../../../arm-none-eabi/lib/thumb/v7e-m/fpv4-sp/hard/libnosys.a(close.o)
                0x000000000000d078                _close
 .text._fstat   0x000000000000d088       0x10 /Users/jim/.platformio/packages/toolchain-gccarmnoneeabi/bin/../lib/gcc/arm-none-eabi/7.2.1/../../../../arm-none-eabi/lib/thumb/v7e-m/fpv4-sp/hard/libnosys.a(fstat.o)
                0x000000000000d088                _fstat
 .text._getpid  0x000000000000d098       0x10 /Users/jim/.platformio/packages/toolchain-gccarmnoneeabi/bin/../lib/gcc/arm-none-eabi/7.2.1/../../../../arm-none-eabi/lib/thumb/v7e-m/fpv4-sp/hard/libnosys.a(getpid.o)
                0x000000000000d098                _getpid
 .text._isatty  0x000000000000d0a8       0x10 /Users/jim/.platformio/packages/toolchain-gccarmnoneeabi/bin/../lib/gcc/arm-none-eabi/7.2.1/../../../../arm-none-eabi/lib/thumb/v7e-m/fpv4-sp/hard/libnosys.a(isatty.o)
                0x000000000000d0a8                _isatty
 .text._kill    0x000000000000d0b8       0x10 /Users/jim/.platformio/packages/toolchain-gccarmnoneeabi/bin/../lib/gcc/arm-none-eabi/7.2.1/../../../../arm-none-eabi/lib/thumb/v7e-m/fpv4-sp/hard/libnosys.a(kill.o)
                0x000000000000d0b8                _kill
 .text._lseek   0x000000000000d0c8       0x10 /Users/jim/.platformio/packages/toolchain-gccarmnoneeabi/bin/../lib/gcc/arm-none-eabi/7.2.1/../../../../arm-none-eabi/lib/thumb/v7e-m/fpv4-sp/hard/libnosys.a(lseek.o)
                0x000000000000d0c8                _lseek
 .text._read    0x000000000000d0d8       0x10 /Users/jim/.platformio/packages/toolchain-gccarmnoneeabi/bin/../lib/gcc/arm-none-eabi/7.2.1/../../../../arm-none-eabi/lib/thumb/v7e-m/fpv4-sp/hard/libnosys.a(read.o)
                0x000000000000d0d8                _read
 .text._sbrk    0x000000000000d0e8       0x1c /Users/jim/.platformio/packages/toolchain-gccarmnoneeabi/bin/../lib/gcc/arm-none-eabi/7.2.1/../../../../arm-none-eabi/lib/thumb/v7e-m/fpv4-sp/hard/libnosys.a(sbrk.o)
                0x000000000000d0e8                _sbrk
 .text._exit    0x000000000000d104        0x4 /Users/jim/.platformio/packages/toolchain-gccarmnoneeabi/bin/../lib/gcc/arm-none-eabi/7.2.1/../../../../arm-none-eabi/lib/thumb/v7e-m/fpv4-sp/hard/libnosys.a(_exit.o)
                0x000000000000d104                _exit
 *(.version)
 .version       0x000000000000d108       0x50 /Users/jim/.platformio/packages/framework-arduinorenesas-uno/variants/UNOWIFIR4/libs/libfsp.a(bsp_common.o)
 *(.init)
 .init          0x000000000000d158        0x4 /Users/jim/.platformio/packages/toolchain-gccarmnoneeabi/bin/../lib/gcc/arm-none-eabi/7.2.1/thumb/v7e-m/fpv4-sp/hard/crti.o
                0x000000000000d158                _init
 .init          0x000000000000d15c        0x8 /Users/jim/.platformio/packages/toolchain-gccarmnoneeabi/bin/../lib/gcc/arm-none-eabi/7.2.1/thumb/v7e-m/fpv4-sp/hard/crtn.o
 *(.fini)
 .fini          0x000000000000d164        0x4 /Users/jim/.platformio/packages/toolchain-gccarmnoneeabi/bin/../lib/gcc/arm-none-eabi/7.2.1/thumb/v7e-m/fpv4-sp/hard/crti.o
                0x000000000000d164                _fini
 .fini          0x000000000000d168        0x8 /Users/jim/.platformio/packages/toolchain-gccarmnoneeabi/bin/../lib/gcc/arm-none-eabi/7.2.1/thumb/v7e-m/fpv4-sp/hard/crtn.o
 *crtbegin.o(.ctors)
 *crtbegin?.o(.ctors)
 *(EXCLUDE_FILE(*crtend.o *crtend?.o) .ctors)
 *(SORT_BY_NAME(.ctors.*))
 *(.ctors)
 *crtbegin.o(.dtors)
 *crtbegin?.o(.dtors)
 *(EXCLUDE_FILE(*crtend.o *crtend?.o) .dtors)
 *(SORT_BY_NAME(.dtors.*))
 *(.dtors)
 *(.rodata*)
 .rodata._ZL11daysInMonth
                0x000000000000d170        0xc .pio/build/uno_r4_wifi/src/GravityRtc.cpp.o
 .rodata.loop.str1.1
                0x000000000000d17c       0x51 .pio/build/uno_r4_wifi/src/main.cpp.o
 .rodata.setup.str1.1
                0x000000000000d1cd       0x15 .pio/build/uno_r4_wifi/src/main.cpp.o
 *fill*         0x000000000000d1e2        0x2 ff
 .rodata._ZTV7TwoWire
                0x000000000000d1e4       0x50 .pio/build/uno_r4_wifi/lib703/libWire.a(Wire.cpp.o)
                0x000000000000d1e4                vtable for TwoWire
 .rodata._ZL4P000
                0x000000000000d234        0x4 .pio/build/uno_r4_wifi/libFrameworkArduinoVariant.a(variant.cpp.o)
 .rodata._ZL4P001
                0x000000000000d238        0x4 .pio/build/uno_r4_wifi/libFrameworkArduinoVariant.a(variant.cpp.o)
 .rodata._ZL4P002
                0x000000000000d23c        0x4 .pio/build/uno_r4_wifi/libFrameworkArduinoVariant.a(variant.cpp.o)
 .rodata._ZL4P003
                0x000000000000d240        0x2 .pio/build/uno_r4_wifi/libFrameworkArduinoVariant.a(variant.cpp.o)
 .rodata._ZL4P004
                0x000000000000d242        0x4 .pio/build/uno_r4_wifi/libFrameworkArduinoVariant.a(variant.cpp.o)
 .rodata._ZL4P011
                0x000000000000d246        0x4 .pio/build/uno_r4_wifi/libFrameworkArduinoVariant.a(variant.cpp.o)
 .rodata._ZL4P012
                0x000000000000d24a        0x2 .pio/build/uno_r4_wifi/libFrameworkArduinoVariant.a(variant.cpp.o)
 .rodata._ZL4P013
                0x000000000000d24c        0x2 .pio/build/uno_r4_wifi/libFrameworkArduinoVariant.a(variant.cpp.o)
 .rodata._ZL4P015
                0x000000000000d24e        0x4 .pio/build/uno_r4_wifi/libFrameworkArduinoVariant.a(variant.cpp.o)
 .rodata._ZL4P100
                0x000000000000d252        0xe .pio/build/uno_r4_wifi/libFrameworkArduinoVariant.a(variant.cpp.o)
 .rodata._ZL4P101
                0x000000000000d260        0xe .pio/build/uno_r4_wifi/libFrameworkArduinoVariant.a(variant.cpp.o)
 .rodata._ZL4P102
                0x000000000000d26e        0xc .pio/build/uno_r4_wifi/libFrameworkArduinoVariant.a(variant.cpp.o)
 .rodata._ZL4P103
                0x000000000000d27a        0x8 .pio/build/uno_r4_wifi/libFrameworkArduinoVariant.a(variant.cpp.o)
 .rodata._ZL4P104
                0x000000000000d282        0x6 .pio/build/uno_r4_wifi/libFrameworkArduinoVariant.a(variant.cpp.o)
 .rodata._ZL4P105
                0x000000000000d288        0x4 .pio/build/uno_r4_wifi/libFrameworkArduinoVariant.a(variant.cpp.o)
 .rodata._ZL4P106
                0x000000000000d28c        0x2 .pio/build/uno_r4_wifi/libFrameworkArduinoVariant.a(variant.cpp.o)
 .rodata._ZL4P107
                0x000000000000d28e        0x2 .pio/build/uno_r4_wifi/libFrameworkArduinoVariant.a(variant.cpp.o)
 .rodata._ZL4P109
                0x000000000000d290        0xa .pio/build/uno_r4_wifi/libFrameworkArduinoVariant.a(variant.cpp.o)
 .rodata._ZL4P110
                0x000000000000d29a        0xc .pio/build/uno_r4_wifi/libFrameworkArduinoVariant.a(variant.cpp.o)
 .rodata._ZL4P111
                0x000000000000d2a6        0xa .pio/build/uno_r4_wifi/libFrameworkArduinoVariant.a(variant.cpp.o)
 .rodata._ZL4P112
                0x000000000000d2b0        0x6 .pio/build/uno_r4_wifi/libFrameworkArduinoVariant.a(variant.cpp.o)
 .rodata._ZL4P204
                0x000000000000d2b6        0xa .pio/build/uno_r4_wifi/libFrameworkArduinoVariant.a(variant.cpp.o)
 .rodata._ZL4P205
                0x000000000000d2c0        0xa .pio/build/uno_r4_wifi/libFrameworkArduinoVariant.a(variant.cpp.o)
 .rodata._ZL4P206
                0x000000000000d2ca        0x6 .pio/build/uno_r4_wifi/libFrameworkArduinoVariant.a(variant.cpp.o)
 .rodata._ZL4P212
                0x000000000000d2d0        0x6 .pio/build/uno_r4_wifi/libFrameworkArduinoVariant.a(variant.cpp.o)
 .rodata._ZL4P213
                0x000000000000d2d6        0x6 .pio/build/uno_r4_wifi/libFrameworkArduinoVariant.a(variant.cpp.o)
 .rodata._ZL4P301
                0x000000000000d2dc        0x8 .pio/build/uno_r4_wifi/libFrameworkArduinoVariant.a(variant.cpp.o)
 .rodata._ZL4P302
                0x000000000000d2e4        0x6 .pio/build/uno_r4_wifi/libFrameworkArduinoVariant.a(variant.cpp.o)
 .rodata._ZL4P303
                0x000000000000d2ea        0x2 .pio/build/uno_r4_wifi/libFrameworkArduinoVariant.a(variant.cpp.o)
 .rodata._ZL4P304
                0x000000000000d2ec        0x4 .pio/build/uno_r4_wifi/libFrameworkArduinoVariant.a(variant.cpp.o)
 .rodata._ZL4P401
                0x000000000000d2f0        0xa .pio/build/uno_r4_wifi/libFrameworkArduinoVariant.a(variant.cpp.o)
 .rodata._ZL4P410
                0x000000000000d2fa        0x8 .pio/build/uno_r4_wifi/libFrameworkArduinoVariant.a(variant.cpp.o)
 .rodata._ZL4P411
                0x000000000000d302        0x8 .pio/build/uno_r4_wifi/libFrameworkArduinoVariant.a(variant.cpp.o)
 .rodata._ZL4P500